#
# There is insufficient memory for the Java Runtime Environment to continue.
# Native memory allocation (mmap) failed to map 321912832 bytes. Error detail: G1 virtual space
# Possible reasons:
#   The system is out of physical RAM or swap space
#   This process is running with CompressedOops enabled, and the Java Heap may be blocking the growth of the native heap
# Possible solutions:
#   Reduce memory load on the system
#   Increase physical memory or swap space
#   Check if swap backing store is full
#   Decrease Java heap size (-Xmx/-Xms)
#   Decrease number of Java threads
#   Decrease Java thread stack sizes (-Xss)
#   Set larger code cache with -XX:ReservedCodeCacheSize=
#   JVM is running with Unscaled Compressed Oops mode in which the Java heap is
#     placed in the first 4GB address space. The Java Heap base address is the
#     maximum limit for the native heap growth. Please use -XX:HeapBaseMinAddress
#     to set the Java Heap base and to place the Java Heap above 4GB virtual address.
# This output file may be truncated or incomplete.
#
#  Out of Memory Error (os_windows.cpp:3732), pid=9900, tid=9944
#
# JRE version: OpenJDK Runtime Environment Temurin-21.0.12+8 (21.0.12+8) (build 21.0.12+8-LTS)
# Java VM: OpenJDK 64-Bit Server VM Temurin-21.0.12+8 (21.0.12+8-LTS, mixed mode, sharing, tiered, compressed oops, compressed class ptrs, g1 gc, windows-amd64)
# No core dump will be written. Minidumps are not enabled by default on client versions of Windows
#

---------------  S U M M A R Y ------------

Command Line: --add-opens=java.base/java.lang=ALL-UNNAMED --add-opens=java.base/java.lang.invoke=ALL-UNNAMED --add-opens=java.base/java.util=ALL-UNNAMED --add-opens=java.prefs/java.util.prefs=ALL-UNNAMED --add-exports=jdk.compiler/com.sun.tools.javac.api=ALL-UNNAMED --add-exports=jdk.compiler/com.sun.tools.javac.util=ALL-UNNAMED --add-opens=java.base/java.nio.charset=ALL-UNNAMED --add-opens=java.base/java.net=ALL-UNNAMED --add-opens=java.base/java.util.concurrent=ALL-UNNAMED --add-opens=java.base/java.util.concurrent.atomic=ALL-UNNAMED --add-opens=java.xml/javax.xml.namespace=ALL-UNNAMED --add-opens=java.base/java.time=ALL-UNNAMED -Xmx2048m -Dfile.encoding=UTF-8 -Duser.country=IN -Duser.language=en -Duser.variant -javaagent:C:\Users\rajat\.gradle\wrapper\dists\gradle-9.5.0-bin\bvnork1r7n8i6kp5cnkibsc9q\gradle-9.5.0\lib\agents\gradle-instrumentation-agent-9.5.0.jar org.gradle.launcher.daemon.bootstrap.GradleDaemon 9.5.0

Host: Intel(R) Core(TM) i5-3437U CPU @ 1.90GHz, 4 cores, 3G,  Windows 10 , 64 bit Build 19041 (10.0.19041.5915)
Time: Thu Aug 13 19:22:00 2026 India Standard Time elapsed time: 308.366592 seconds (0d 0h 5m 8s)

---------------  T H R E A D  ---------------

Current thread (0x000001b51b7d3f10):  VMThread "VM Thread"          [id=9944, stack(0x000000488a100000,0x000000488a200000) (1024K)]

Stack: [0x000000488a100000,0x000000488a200000]
Native frames: (J=compiled Java code, j=interpreted, Vv=VM code, C=native code)
V  [jvm.dll+0x6d83e9]
V  [jvm.dll+0x8b5736]
V  [jvm.dll+0x8b7cee]
V  [jvm.dll+0x8b83d3]
V  [jvm.dll+0x284596]
V  [jvm.dll+0x6d4d05]
V  [jvm.dll+0x6c898a]
V  [jvm.dll+0x35f2f8]
V  [jvm.dll+0x366f36]
V  [jvm.dll+0x3b804e]
V  [jvm.dll+0x3b82f8]
V  [jvm.dll+0x33320c]
V  [jvm.dll+0x33329a]
V  [jvm.dll+0x377382]
V  [jvm.dll+0x375b1a]
V  [jvm.dll+0x332951]
V  [jvm.dll+0x37517a]
V  [jvm.dll+0x8be0c0]
V  [jvm.dll+0x8bf434]
V  [jvm.dll+0x8bf960]
V  [jvm.dll+0x8bfc03]
V  [jvm.dll+0x8600cd]
V  [jvm.dll+0x6d6c1d]
C  [ucrtbase.dll+0x21bb2]
C  [KERNEL32.DLL+0x17374]
C  [ntdll.dll+0x4cc91]

VM_Operation (0x000000488b4f4df0): G1CollectForAllocation, mode: safepoint, requested by thread 0x000001b56106bad0


---------------  P R O C E S S  ---------------

Threads class SMR info:
_java_thread_list=0x000001b5663e8ef0, length=45, elements={
0x000001b57d7b2580, 0x000001b51b7ed530, 0x000001b51b7ee190, 0x000001b51b7f7ea0,
0x000001b51b818ac0, 0x000001b51b81cbd0, 0x000001b51b81d630, 0x000001b51b81e720,
0x000001b51b81f1c0, 0x000001b51badf090, 0x000001b51ba1ac20, 0x000001b561912470,
0x000001b51bb8aea0, 0x000001b561967430, 0x000001b56180d7f0, 0x000001b56180de60,
0x000001b561c9ef50, 0x000001b56106bad0, 0x000001b561b9a3f0, 0x000001b561b9aa80,
0x000001b561b9b110, 0x000001b561b9b7a0, 0x000001b561b9d1e0, 0x000001b561b99d60,
0x000001b561b9cb50, 0x000001b562cb9b30, 0x000001b562cb8e10, 0x000001b562cbcfb0,
0x000001b562cba1c0, 0x000001b562cb7a60, 0x000001b562cb80f0, 0x000001b562cbbc00,
0x000001b562cb8780, 0x000001b562cb94a0, 0x000001b562cbc290, 0x000001b562cbc920,
0x000001b562cb66b0, 0x000001b562cba850, 0x000001b562cbaee0, 0x000001b562cbb570,
0x000001b562cbd640, 0x000001b51bc37860, 0x000001b51bc308d0, 0x000001b51bc37ef0,
0x000001b579024d20
}

Java Threads: ( => current thread )
  0x000001b57d7b2580 JavaThread "main"                              [_thread_blocked, id=5128, stack(0x0000004889a00000,0x0000004889b00000) (1024K)]
  0x000001b51b7ed530 JavaThread "Reference Handler"          daemon [_thread_blocked, id=5640, stack(0x000000488a200000,0x000000488a300000) (1024K)]
  0x000001b51b7ee190 JavaThread "Finalizer"                  daemon [_thread_blocked, id=2872, stack(0x000000488a300000,0x000000488a400000) (1024K)]
  0x000001b51b7f7ea0 JavaThread "Signal Dispatcher"          daemon [_thread_blocked, id=7920, stack(0x000000488a400000,0x000000488a500000) (1024K)]
  0x000001b51b818ac0 JavaThread "Attach Listener"            daemon [_thread_blocked, id=6612, stack(0x000000488a500000,0x000000488a600000) (1024K)]
  0x000001b51b81cbd0 JavaThread "Service Thread"             daemon [_thread_blocked, id=10116, stack(0x000000488a600000,0x000000488a700000) (1024K)]
  0x000001b51b81d630 JavaThread "Monitor Deflation Thread"   daemon [_thread_blocked, id=1844, stack(0x000000488a700000,0x000000488a800000) (1024K)]
  0x000001b51b81e720 JavaThread "C2 CompilerThread0"         daemon [_thread_blocked, id=8608, stack(0x000000488a800000,0x000000488a900000) (1024K)]
  0x000001b51b81f1c0 JavaThread "C1 CompilerThread0"         daemon [_thread_blocked, id=10184, stack(0x000000488a900000,0x000000488aa00000) (1024K)]
  0x000001b51badf090 JavaThread "Common-Cleaner"             daemon [_thread_blocked, id=388, stack(0x000000488aa00000,0x000000488ab00000) (1024K)]
  0x000001b51ba1ac20 JavaThread "Notification Thread"        daemon [_thread_blocked, id=3232, stack(0x000000488ab00000,0x000000488ac00000) (1024K)]
  0x000001b561912470 JavaThread "Daemon health stats"               [_thread_blocked, id=3828, stack(0x0000004889700000,0x0000004889800000) (1024K)]
  0x000001b51bb8aea0 JavaThread "Incoming local TCP Connector on port 51126"        [_thread_in_native, id=6560, stack(0x000000488af00000,0x000000488b000000) (1024K)]
  0x000001b561967430 JavaThread "Daemon periodic checks"            [_thread_blocked, id=8184, stack(0x000000488b000000,0x000000488b100000) (1024K)]
  0x000001b56180d7f0 JavaThread "Daemon"                            [_thread_blocked, id=5572, stack(0x000000488b100000,0x000000488b200000) (1024K)]
  0x000001b56180de60 JavaThread "Handler for socket connection from /127.0.0.1:51126 to /127.0.0.1:51127"        [_thread_in_native, id=6444, stack(0x000000488b200000,0x000000488b300000) (1024K)]
  0x000001b561c9ef50 JavaThread "Cancel handler"                    [_thread_blocked, id=7552, stack(0x000000488b300000,0x000000488b400000) (1024K)]
  0x000001b56106bad0 JavaThread "Daemon worker"                     [_thread_blocked, id=2700, stack(0x000000488b400000,0x000000488b500000) (1024K)]
  0x000001b561b9a3f0 JavaThread "Asynchronous log dispatcher for DefaultDaemonConnection: socket connection from /127.0.0.1:51126 to /127.0.0.1:51127"        [_thread_blocked, id=5836, stack(0x000000488b500000,0x000000488b600000) (1024K)]
  0x000001b561b9aa80 JavaThread "Stdin handler"                     [_thread_blocked, id=2940, stack(0x000000488b600000,0x000000488b700000) (1024K)]
  0x000001b561b9b110 JavaThread "Daemon client event forwarder"        [_thread_blocked, id=5264, stack(0x000000488b700000,0x000000488b800000) (1024K)]
  0x000001b561b9b7a0 JavaThread "Cache worker for journal cache (C:\Users\rajat\.gradle\caches\journal-1)"        [_thread_blocked, id=7444, stack(0x000000488b800000,0x000000488b900000) (1024K)]
  0x000001b561b9d1e0 JavaThread "File lock request listener"        [_thread_in_native, id=9280, stack(0x000000488b900000,0x000000488ba00000) (1024K)]
  0x000001b561b99d60 JavaThread "Cache worker for file hash cache (C:\Users\rajat\.gradle\caches\9.5.0\fileHashes)"        [_thread_blocked, id=1712, stack(0x000000488ba00000,0x000000488bb00000) (1024K)]
  0x000001b561b9cb50 JavaThread "Cache worker for file hash cache (C:\Users\rajat\AndroidStudioProjects\Coffee\.gradle\9.5.0\fileHashes)"        [_thread_blocked, id=8768, stack(0x000000488bb00000,0x000000488bc00000) (1024K)]
  0x000001b562cb9b30 JavaThread "Cache worker for Build Output Cleanup Cache (C:\Users\rajat\AndroidStudioProjects\Coffee\.gradle\buildOutputCleanup)"        [_thread_blocked, id=10112, stack(0x000000488bc00000,0x000000488bd00000) (1024K)]
  0x000001b562cb8e10 JavaThread "File watcher server"        daemon [_thread_in_native, id=9696, stack(0x000000488bd00000,0x000000488be00000) (1024K)]
  0x000001b562cbcfb0 JavaThread "File watcher consumer"      daemon [_thread_blocked, id=7304, stack(0x000000488be00000,0x000000488bf00000) (1024K)]
  0x000001b562cba1c0 JavaThread "jar transforms"                    [_thread_blocked, id=5332, stack(0x000000488bf00000,0x000000488c000000) (1024K)]
  0x000001b562cb7a60 JavaThread "jar transforms Thread 2"           [_thread_blocked, id=3136, stack(0x000000488c000000,0x000000488c100000) (1024K)]
  0x000001b562cb80f0 JavaThread "jar transforms Thread 3"           [_thread_blocked, id=1900, stack(0x000000488c100000,0x000000488c200000) (1024K)]
  0x000001b562cbbc00 JavaThread "jar transforms Thread 4"           [_thread_blocked, id=6236, stack(0x000000488c200000,0x000000488c300000) (1024K)]
  0x000001b562cb8780 JavaThread "File lock release action executor"        [_thread_blocked, id=9268, stack(0x000000488c300000,0x000000488c400000) (1024K)]
  0x000001b562cb94a0 JavaThread "Cache worker for file content cache (C:\Users\rajat\.gradle\caches\9.5.0\fileContent)"        [_thread_blocked, id=7264, stack(0x000000488c400000,0x000000488c500000) (1024K)]
  0x000001b562cbc290 JavaThread "Cache worker for checksums cache (C:\Users\rajat\AndroidStudioProjects\Coffee\.gradle\9.5.0\checksums)"        [_thread_blocked, id=2400, stack(0x000000488c500000,0x000000488c600000) (1024K)]
  0x000001b562cbc920 JavaThread "Cache worker for cache directory md-supplier (C:\Users\rajat\.gradle\caches\9.5.0\md-supplier)"        [_thread_blocked, id=3612, stack(0x000000488c600000,0x000000488c700000) (1024K)]
  0x000001b562cb66b0 JavaThread "Cache worker for cache directory md-rule (C:\Users\rajat\.gradle\caches\9.5.0\md-rule)"        [_thread_blocked, id=3240, stack(0x000000488c700000,0x000000488c800000) (1024K)]
  0x000001b562cba850 JavaThread "Build operations"                  [_thread_blocked, id=3248, stack(0x0000004889800000,0x0000004889900000) (1024K)]
  0x000001b562cbaee0 JavaThread "Build operations Thread 2"         [_thread_blocked, id=5308, stack(0x0000004889900000,0x0000004889a00000) (1024K)]
  0x000001b562cbb570 JavaThread "Build operations Thread 3"         [_thread_blocked, id=6308, stack(0x000000488c800000,0x000000488c900000) (1024K)]
  0x000001b562cbd640 JavaThread "Build operations Thread 4"         [_thread_blocked, id=10148, stack(0x000000488c900000,0x000000488ca00000) (1024K)]
  0x000001b51bc37860 JavaThread "DefaultDispatcher-worker-1" daemon [_thread_blocked, id=7492, stack(0x000000488ca00000,0x000000488cb00000) (1024K)]
  0x000001b51bc308d0 JavaThread "DefaultDispatcher-worker-2" daemon [_thread_blocked, id=3400, stack(0x000000488cb00000,0x000000488cc00000) (1024K)]
  0x000001b51bc37ef0 JavaThread "DefaultDispatcher-worker-3" daemon [_thread_blocked, id=1756, stack(0x000000488cc00000,0x000000488cd00000) (1024K)]
  0x000001b579024d20 JavaThread "Memory manager"                    [_thread_blocked, id=2212, stack(0x000000488cd00000,0x000000488ce00000) (1024K)]
Total: 45

Other Threads:
=>0x000001b51b7d3f10 VMThread "VM Thread"                           [id=9944, stack(0x000000488a100000,0x000000488a200000) (1024K)]
  0x000001b51b7c0500 WatcherThread "VM Periodic Task Thread"        [id=7540, stack(0x000000488a000000,0x000000488a100000) (1024K)]
  0x000001b57d8071c0 WorkerThread "GC Thread#0"                     [id=4708, stack(0x0000004889b00000,0x0000004889c00000) (1024K)]
  0x000001b56105c550 WorkerThread "GC Thread#1"                     [id=7928, stack(0x000000488ac00000,0x000000488ad00000) (1024K)]
  0x000001b56105de20 WorkerThread "GC Thread#2"                     [id=6952, stack(0x000000488ad00000,0x000000488ae00000) (1024K)]
  0x000001b51b8fc0e0 WorkerThread "GC Thread#3"                     [id=5416, stack(0x000000488ae00000,0x000000488af00000) (1024K)]
  0x000001b57d8188b0 ConcurrentGCThread "G1 Main Marker"            [id=2884, stack(0x0000004889c00000,0x0000004889d00000) (1024K)]
  0x000001b57d819170 WorkerThread "G1 Conc#0"                       [id=4260, stack(0x0000004889d00000,0x0000004889e00000) (1024K)]
  0x000001b57d870780 ConcurrentGCThread "G1 Refine#0"               [id=4380, stack(0x0000004889e00000,0x0000004889f00000) (1024K)]
  0x000001b57d872270 ConcurrentGCThread "G1 Service"                [id=10036, stack(0x0000004889f00000,0x000000488a000000) (1024K)]
Total: 10

Threads with active compile tasks:
Total: 0

VM state: at safepoint (normal execution)

VM Mutex/Monitor currently owned by a thread:  ([mutex/lock_event])
[0x00007ffa4976f570] Threads_lock - owner thread: 0x000001b51b7d3f10
[0x00007ffa4976f670] Heap_lock - owner thread: 0x000001b56106bad0

Heap address: 0x0000000080000000, size: 2048 MB, Compressed Oops mode: 32-bit

CDS archive(s) mapped at: [0x000001b51c000000-0x000001b51cc80000-0x000001b51cc80000), size 13107200, SharedBaseAddress: 0x000001b51c000000, ArchiveRelocationMode: 1.
Compressed class space mapped at: 0x000001b51d000000-0x000001b55d000000, reserved size: 1073741824
Narrow klass base: 0x000001b51c000000, Narrow klass shift: 0, Narrow klass range: 0x100000000

GC Precious Log:
 CardTable entry size: 512
 Card Set container configuration: InlinePtr #cards 5 size 8 Array Of Cards #cards 12 size 40 Howl #buckets 4 coarsen threshold 1843 Howl Bitmap #cards 512 size 80 coarsen threshold 460 Card regions per heap region 1 cards per card region 2048
 CPUs: 4 total, 4 available
 Memory: 3960M
 Large Page Support: Disabled
 NUMA Support: Disabled
 Compressed Oops: Enabled (32-bit)
 Heap Region Size: 1M
 Heap Min Capacity: 8M
 Heap Initial Capacity: 62M
 Heap Max Capacity: 2G
 Pre-touch: Disabled
 Parallel Workers: 4
 Concurrent Workers: 1
 Concurrent Refinement Workers: 4
 Periodic GC: Disabled

Heap:
 garbage-first heap   total 310272K, used 215463K [0x0000000080000000, 0x0000000100000000)
  region size 1024K, 1 young (1024K), 1 survivors (1024K)
 Metaspace       used 153636K, committed 156160K, reserved 1245184K
  class space    used 19772K, committed 21056K, reserved 1048576K

Heap Regions: E=young(eden), S=young(survivor), O=old, HS=humongous(starts), HC=humongous(continues), CS=collection set, F=free, TAMS=top-at-mark-start, PB=parsable bottom
|   0|0x0000000080000000, 0x0000000080100000, 0x0000000080100000|100%| O|  |TAMS 0x0000000080000000| PB 0x0000000080000000| Untracked 
|   1|0x0000000080100000, 0x0000000080200000, 0x0000000080200000|100%|HS|  |TAMS 0x0000000080100000| PB 0x0000000080100000| Complete 
|   2|0x0000000080200000, 0x0000000080300000, 0x0000000080300000|100%|HC|  |TAMS 0x0000000080200000| PB 0x0000000080200000| Complete 
|   3|0x0000000080300000, 0x0000000080400000, 0x0000000080400000|100%|HC|  |TAMS 0x0000000080300000| PB 0x0000000080300000| Complete 
|   4|0x0000000080400000, 0x0000000080500000, 0x0000000080500000|100%|HC|  |TAMS 0x0000000080400000| PB 0x0000000080400000| Complete 
|   5|0x0000000080500000, 0x0000000080600000, 0x0000000080600000|100%| O|  |TAMS 0x0000000080500000| PB 0x0000000080500000| Untracked 
|   6|0x0000000080600000, 0x0000000080700000, 0x0000000080700000|100%| O|  |TAMS 0x0000000080600000| PB 0x0000000080600000| Untracked 
|   7|0x0000000080700000, 0x0000000080800000, 0x0000000080800000|100%| O|  |TAMS 0x0000000080700000| PB 0x0000000080700000| Untracked 
|   8|0x0000000080800000, 0x0000000080900000, 0x0000000080900000|100%| O|  |TAMS 0x0000000080800000| PB 0x0000000080800000| Untracked 
|   9|0x0000000080900000, 0x0000000080a00000, 0x0000000080a00000|100%|HS|  |TAMS 0x0000000080900000| PB 0x0000000080900000| Complete 
|  10|0x0000000080a00000, 0x0000000080b00000, 0x0000000080b00000|100%| O|  |TAMS 0x0000000080a00000| PB 0x0000000080a00000| Untracked 
|  11|0x0000000080b00000, 0x0000000080c00000, 0x0000000080c00000|100%| O|  |TAMS 0x0000000080b00000| PB 0x0000000080b00000| Untracked 
|  12|0x0000000080c00000, 0x0000000080d00000, 0x0000000080d00000|100%| O|  |TAMS 0x0000000080c00000| PB 0x0000000080c00000| Untracked 
|  13|0x0000000080d00000, 0x0000000080e00000, 0x0000000080e00000|100%| O|  |TAMS 0x0000000080d00000| PB 0x0000000080d00000| Untracked 
|  14|0x0000000080e00000, 0x0000000080f00000, 0x0000000080f00000|100%| O|  |TAMS 0x0000000080e00000| PB 0x0000000080e00000| Untracked 
|  15|0x0000000080f00000, 0x0000000081000000, 0x0000000081000000|100%| O|  |TAMS 0x0000000080f00000| PB 0x0000000080f00000| Untracked 
|  16|0x0000000081000000, 0x0000000081100000, 0x0000000081100000|100%| O|  |TAMS 0x0000000081000000| PB 0x0000000081000000| Untracked 
|  17|0x0000000081100000, 0x0000000081200000, 0x0000000081200000|100%| O|  |TAMS 0x0000000081100000| PB 0x0000000081100000| Untracked 
|  18|0x0000000081200000, 0x0000000081300000, 0x0000000081300000|100%| O|  |TAMS 0x0000000081200000| PB 0x0000000081200000| Untracked 
|  19|0x0000000081300000, 0x0000000081400000, 0x0000000081400000|100%| O|  |TAMS 0x0000000081300000| PB 0x0000000081300000| Untracked 
|  20|0x0000000081400000, 0x0000000081500000, 0x0000000081500000|100%| O|  |TAMS 0x0000000081400000| PB 0x0000000081400000| Untracked 
|  21|0x0000000081500000, 0x0000000081600000, 0x0000000081600000|100%| O|  |TAMS 0x0000000081500000| PB 0x0000000081500000| Untracked 
|  22|0x0000000081600000, 0x0000000081700000, 0x0000000081700000|100%| O|  |TAMS 0x0000000081600000| PB 0x0000000081600000| Untracked 
|  23|0x0000000081700000, 0x0000000081800000, 0x0000000081800000|100%|HS|  |TAMS 0x0000000081700000| PB 0x0000000081700000| Complete 
|  24|0x0000000081800000, 0x0000000081900000, 0x0000000081900000|100%|HC|  |TAMS 0x0000000081800000| PB 0x0000000081800000| Complete 
|  25|0x0000000081900000, 0x0000000081a00000, 0x0000000081a00000|100%|HC|  |TAMS 0x0000000081900000| PB 0x0000000081900000| Complete 
|  26|0x0000000081a00000, 0x0000000081b00000, 0x0000000081b00000|100%|HC|  |TAMS 0x0000000081a00000| PB 0x0000000081a00000| Complete 
|  27|0x0000000081b00000, 0x0000000081c00000, 0x0000000081c00000|100%|HC|  |TAMS 0x0000000081b00000| PB 0x0000000081b00000| Complete 
|  28|0x0000000081c00000, 0x0000000081d00000, 0x0000000081d00000|100%|HC|  |TAMS 0x0000000081c00000| PB 0x0000000081c00000| Complete 
|  29|0x0000000081d00000, 0x0000000081e00000, 0x0000000081e00000|100%| O|  |TAMS 0x0000000081d00000| PB 0x0000000081d00000| Untracked 
|  30|0x0000000081e00000, 0x0000000081f00000, 0x0000000081f00000|100%| O|  |TAMS 0x0000000081e00000| PB 0x0000000081e00000| Untracked 
|  31|0x0000000081f00000, 0x0000000082000000, 0x0000000082000000|100%| O|  |TAMS 0x0000000081f00000| PB 0x0000000081f00000| Untracked 
|  32|0x0000000082000000, 0x0000000082100000, 0x0000000082100000|100%|HS|  |TAMS 0x0000000082000000| PB 0x0000000082000000| Complete 
|  33|0x0000000082100000, 0x0000000082200000, 0x0000000082200000|100%|HS|  |TAMS 0x0000000082100000| PB 0x0000000082100000| Complete 
|  34|0x0000000082200000, 0x0000000082300000, 0x0000000082300000|100%| O|  |TAMS 0x0000000082200000| PB 0x0000000082200000| Untracked 
|  35|0x0000000082300000, 0x0000000082400000, 0x0000000082400000|100%|HS|  |TAMS 0x0000000082300000| PB 0x0000000082300000| Complete 
|  36|0x0000000082400000, 0x0000000082500000, 0x0000000082500000|100%|HC|  |TAMS 0x0000000082400000| PB 0x0000000082400000| Complete 
|  37|0x0000000082500000, 0x0000000082600000, 0x0000000082600000|100%|HC|  |TAMS 0x0000000082500000| PB 0x0000000082500000| Complete 
|  38|0x0000000082600000, 0x0000000082700000, 0x0000000082700000|100%|HC|  |TAMS 0x0000000082600000| PB 0x0000000082600000| Complete 
|  39|0x0000000082700000, 0x0000000082800000, 0x0000000082800000|100%|HC|  |TAMS 0x0000000082700000| PB 0x0000000082700000| Complete 
|  40|0x0000000082800000, 0x0000000082900000, 0x0000000082900000|100%|HC|  |TAMS 0x0000000082800000| PB 0x0000000082800000| Complete 
|  41|0x0000000082900000, 0x0000000082a00000, 0x0000000082a00000|100%|HS|  |TAMS 0x0000000082900000| PB 0x0000000082900000| Complete 
|  42|0x0000000082a00000, 0x0000000082b00000, 0x0000000082b00000|100%|HS|  |TAMS 0x0000000082a00000| PB 0x0000000082a00000| Complete 
|  43|0x0000000082b00000, 0x0000000082c00000, 0x0000000082c00000|100%| O|  |TAMS 0x0000000082b00000| PB 0x0000000082b00000| Untracked 
|  44|0x0000000082c00000, 0x0000000082d00000, 0x0000000082d00000|100%| O|  |TAMS 0x0000000082c00000| PB 0x0000000082c00000| Untracked 
|  45|0x0000000082d00000, 0x0000000082e00000, 0x0000000082e00000|100%| O|  |TAMS 0x0000000082d00000| PB 0x0000000082d00000| Untracked 
|  46|0x0000000082e00000, 0x0000000082f00000, 0x0000000082f00000|100%| O|  |TAMS 0x0000000082e00000| PB 0x0000000082e00000| Untracked 
|  47|0x0000000082f00000, 0x0000000083000000, 0x0000000083000000|100%| O|  |TAMS 0x0000000082f00000| PB 0x0000000082f00000| Untracked 
|  48|0x0000000083000000, 0x0000000083100000, 0x0000000083100000|100%| O|  |TAMS 0x0000000083000000| PB 0x0000000083000000| Untracked 
|  49|0x0000000083100000, 0x0000000083200000, 0x0000000083200000|100%| O|  |TAMS 0x0000000083100000| PB 0x0000000083100000| Untracked 
|  50|0x0000000083200000, 0x0000000083300000, 0x0000000083300000|100%| O|  |TAMS 0x0000000083200000| PB 0x0000000083200000| Untracked 
|  51|0x0000000083300000, 0x0000000083400000, 0x0000000083400000|100%| O|  |TAMS 0x0000000083300000| PB 0x0000000083300000| Untracked 
|  52|0x0000000083400000, 0x0000000083500000, 0x0000000083500000|100%| O|  |TAMS 0x0000000083400000| PB 0x0000000083400000| Untracked 
|  53|0x0000000083500000, 0x0000000083600000, 0x0000000083600000|100%| O|  |TAMS 0x0000000083500000| PB 0x0000000083500000| Untracked 
|  54|0x0000000083600000, 0x0000000083700000, 0x0000000083700000|100%| O|  |TAMS 0x0000000083600000| PB 0x0000000083600000| Untracked 
|  55|0x0000000083700000, 0x0000000083800000, 0x0000000083800000|100%| O|  |TAMS 0x0000000083700000| PB 0x0000000083700000| Untracked 
|  56|0x0000000083800000, 0x0000000083900000, 0x0000000083900000|100%| O|  |TAMS 0x0000000083800000| PB 0x0000000083800000| Untracked 
|  57|0x0000000083900000, 0x0000000083a00000, 0x0000000083a00000|100%| O|  |TAMS 0x0000000083900000| PB 0x0000000083900000| Untracked 
|  58|0x0000000083a00000, 0x0000000083b00000, 0x0000000083b00000|100%| O|  |TAMS 0x0000000083a00000| PB 0x0000000083a00000| Untracked 
|  59|0x0000000083b00000, 0x0000000083c00000, 0x0000000083c00000|100%| O|  |TAMS 0x0000000083b00000| PB 0x0000000083b00000| Untracked 
|  60|0x0000000083c00000, 0x0000000083d00000, 0x0000000083d00000|100%| O|  |TAMS 0x0000000083c00000| PB 0x0000000083c00000| Untracked 
|  61|0x0000000083d00000, 0x0000000083e00000, 0x0000000083e00000|100%| O|  |TAMS 0x0000000083d00000| PB 0x0000000083d00000| Untracked 
|  62|0x0000000083e00000, 0x0000000083f00000, 0x0000000083f00000|100%| O|  |TAMS 0x0000000083e00000| PB 0x0000000083e00000| Untracked 
|  63|0x0000000083f00000, 0x0000000084000000, 0x0000000084000000|100%| O|  |TAMS 0x0000000083f00000| PB 0x0000000083f00000| Untracked 
|  64|0x0000000084000000, 0x0000000084100000, 0x0000000084100000|100%| O|  |TAMS 0x0000000084000000| PB 0x0000000084000000| Untracked 
|  65|0x0000000084100000, 0x0000000084200000, 0x0000000084200000|100%| O|  |TAMS 0x0000000084100000| PB 0x0000000084100000| Untracked 
|  66|0x0000000084200000, 0x0000000084300000, 0x0000000084300000|100%| O|  |TAMS 0x0000000084200000| PB 0x0000000084200000| Untracked 
|  67|0x0000000084300000, 0x0000000084400000, 0x0000000084400000|100%| O|  |TAMS 0x0000000084300000| PB 0x0000000084300000| Untracked 
|  68|0x0000000084400000, 0x0000000084500000, 0x0000000084500000|100%| O|  |TAMS 0x0000000084400000| PB 0x0000000084400000| Untracked 
|  69|0x0000000084500000, 0x0000000084600000, 0x0000000084600000|100%| O|  |TAMS 0x0000000084500000| PB 0x0000000084500000| Untracked 
|  70|0x0000000084600000, 0x0000000084700000, 0x0000000084700000|100%|HS|  |TAMS 0x0000000084600000| PB 0x0000000084600000| Complete 
|  71|0x0000000084700000, 0x0000000084800000, 0x0000000084800000|100%| O|  |TAMS 0x0000000084700000| PB 0x0000000084700000| Untracked 
|  72|0x0000000084800000, 0x0000000084900000, 0x0000000084900000|100%| O|  |TAMS 0x0000000084800000| PB 0x0000000084800000| Untracked 
|  73|0x0000000084900000, 0x0000000084a00000, 0x0000000084a00000|100%| O|  |TAMS 0x0000000084900000| PB 0x0000000084900000| Untracked 
|  74|0x0000000084a00000, 0x0000000084b00000, 0x0000000084b00000|100%|HS|  |TAMS 0x0000000084a00000| PB 0x0000000084a00000| Complete 
|  75|0x0000000084b00000, 0x0000000084c00000, 0x0000000084c00000|100%| O|  |TAMS 0x0000000084b00000| PB 0x0000000084b00000| Untracked 
|  76|0x0000000084c00000, 0x0000000084d00000, 0x0000000084d00000|100%| O|  |TAMS 0x0000000084c00000| PB 0x0000000084c00000| Untracked 
|  77|0x0000000084d00000, 0x0000000084e00000, 0x0000000084e00000|100%| O|  |TAMS 0x0000000084d00000| PB 0x0000000084d00000| Untracked 
|  78|0x0000000084e00000, 0x0000000084f00000, 0x0000000084f00000|100%| O|  |TAMS 0x0000000084e00000| PB 0x0000000084e00000| Untracked 
|  79|0x0000000084f00000, 0x0000000084fd3e40, 0x0000000085000000| 82%| O|  |TAMS 0x0000000084f00000| PB 0x0000000084f00000| Untracked 
|  80|0x0000000085000000, 0x0000000085100000, 0x0000000085100000|100%| O|  |TAMS 0x0000000085000000| PB 0x0000000085000000| Untracked 
|  81|0x0000000085100000, 0x0000000085200000, 0x0000000085200000|100%|HS|  |TAMS 0x0000000085100000| PB 0x0000000085100000| Complete 
|  82|0x0000000085200000, 0x0000000085300000, 0x0000000085300000|100%| O|  |TAMS 0x0000000085200000| PB 0x0000000085200000| Untracked 
|  83|0x0000000085300000, 0x0000000085400000, 0x0000000085400000|100%| O|  |TAMS 0x0000000085300000| PB 0x0000000085300000| Untracked 
|  84|0x0000000085400000, 0x0000000085500000, 0x0000000085500000|100%| O|  |TAMS 0x0000000085400000| PB 0x0000000085400000| Untracked 
|  85|0x0000000085500000, 0x0000000085600000, 0x0000000085600000|100%| O|  |TAMS 0x0000000085500000| PB 0x0000000085500000| Untracked 
|  86|0x0000000085600000, 0x0000000085700000, 0x0000000085700000|100%|HS|  |TAMS 0x0000000085600000| PB 0x0000000085600000| Complete 
|  87|0x0000000085700000, 0x0000000085800000, 0x0000000085800000|100%| O|  |TAMS 0x0000000085700000| PB 0x0000000085700000| Untracked 
|  88|0x0000000085800000, 0x0000000085900000, 0x0000000085900000|100%| O|  |TAMS 0x0000000085800000| PB 0x0000000085800000| Untracked 
|  89|0x0000000085900000, 0x0000000085a00000, 0x0000000085a00000|100%| O|  |TAMS 0x0000000085900000| PB 0x0000000085900000| Untracked 
|  90|0x0000000085a00000, 0x0000000085b00000, 0x0000000085b00000|100%| O|  |TAMS 0x0000000085a00000| PB 0x0000000085a00000| Untracked 
|  91|0x0000000085b00000, 0x0000000085c00000, 0x0000000085c00000|100%| O|  |TAMS 0x0000000085b00000| PB 0x0000000085b00000| Untracked 
|  92|0x0000000085c00000, 0x0000000085d00000, 0x0000000085d00000|100%| O|  |TAMS 0x0000000085c00000| PB 0x0000000085c00000| Untracked 
|  93|0x0000000085d00000, 0x0000000085e00000, 0x0000000085e00000|100%| O|  |TAMS 0x0000000085d00000| PB 0x0000000085d00000| Untracked 
|  94|0x0000000085e00000, 0x0000000085f00000, 0x0000000085f00000|100%| O|  |TAMS 0x0000000085e00000| PB 0x0000000085e00000| Untracked 
|  95|0x0000000085f00000, 0x0000000086000000, 0x0000000086000000|100%| O|  |TAMS 0x0000000085f00000| PB 0x0000000085f00000| Untracked 
|  96|0x0000000086000000, 0x0000000086100000, 0x0000000086100000|100%| O|  |TAMS 0x0000000086000000| PB 0x0000000086000000| Untracked 
|  97|0x0000000086100000, 0x0000000086200000, 0x0000000086200000|100%| O|  |TAMS 0x0000000086100000| PB 0x0000000086100000| Untracked 
|  98|0x0000000086200000, 0x0000000086300000, 0x0000000086300000|100%| O|  |TAMS 0x0000000086200000| PB 0x0000000086200000| Untracked 
|  99|0x0000000086300000, 0x0000000086400000, 0x0000000086400000|100%| O|  |TAMS 0x0000000086300000| PB 0x0000000086300000| Untracked 
| 100|0x0000000086400000, 0x0000000086400000, 0x0000000086500000|  0%| F|  |TAMS 0x0000000086400000| PB 0x0000000086400000| Untracked 
| 101|0x0000000086500000, 0x0000000086500000, 0x0000000086600000|  0%| F|  |TAMS 0x0000000086500000| PB 0x0000000086500000| Untracked 
| 102|0x0000000086600000, 0x0000000086700000, 0x0000000086700000|100%| O|  |TAMS 0x0000000086600000| PB 0x0000000086600000| Untracked 
| 103|0x0000000086700000, 0x0000000086800000, 0x0000000086800000|100%| O|  |TAMS 0x0000000086700000| PB 0x0000000086700000| Untracked 
| 104|0x0000000086800000, 0x0000000086900000, 0x0000000086900000|100%| O|  |TAMS 0x0000000086800000| PB 0x0000000086800000| Untracked 
| 105|0x0000000086900000, 0x0000000086a00000, 0x0000000086a00000|100%| O|  |TAMS 0x0000000086900000| PB 0x0000000086900000| Untracked 
| 106|0x0000000086a00000, 0x0000000086b00000, 0x0000000086b00000|100%| O|  |TAMS 0x0000000086a00000| PB 0x0000000086a00000| Untracked 
| 107|0x0000000086b00000, 0x0000000086c00000, 0x0000000086c00000|100%| O|  |TAMS 0x0000000086b00000| PB 0x0000000086b00000| Untracked 
| 108|0x0000000086c00000, 0x0000000086d00000, 0x0000000086d00000|100%| O|  |TAMS 0x0000000086c00000| PB 0x0000000086c00000| Untracked 
| 109|0x0000000086d00000, 0x0000000086e00000, 0x0000000086e00000|100%| O|  |TAMS 0x0000000086d00000| PB 0x0000000086d00000| Untracked 
| 110|0x0000000086e00000, 0x0000000086f00000, 0x0000000086f00000|100%| O|  |TAMS 0x0000000086e00000| PB 0x0000000086e00000| Untracked 
| 111|0x0000000086f00000, 0x0000000087000000, 0x0000000087000000|100%| O|  |TAMS 0x0000000086f00000| PB 0x0000000086f00000| Untracked 
| 112|0x0000000087000000, 0x0000000087100000, 0x0000000087100000|100%| O|  |TAMS 0x0000000087000000| PB 0x0000000087000000| Untracked 
| 113|0x0000000087100000, 0x0000000087200000, 0x0000000087200000|100%| O|  |TAMS 0x0000000087100000| PB 0x0000000087100000| Untracked 
| 114|0x0000000087200000, 0x0000000087300000, 0x0000000087300000|100%| O|  |TAMS 0x0000000087200000| PB 0x0000000087200000| Untracked 
| 115|0x0000000087300000, 0x0000000087400000, 0x0000000087400000|100%| O|  |TAMS 0x0000000087300000| PB 0x0000000087300000| Untracked 
| 116|0x0000000087400000, 0x0000000087500000, 0x0000000087500000|100%| O|  |TAMS 0x0000000087400000| PB 0x0000000087400000| Untracked 
| 117|0x0000000087500000, 0x0000000087600000, 0x0000000087600000|100%| O|  |TAMS 0x0000000087500000| PB 0x0000000087500000| Untracked 
| 118|0x0000000087600000, 0x0000000087700000, 0x0000000087700000|100%| O|  |TAMS 0x0000000087600000| PB 0x0000000087600000| Untracked 
| 119|0x0000000087700000, 0x0000000087800000, 0x0000000087800000|100%| O|  |TAMS 0x0000000087700000| PB 0x0000000087700000| Untracked 
| 120|0x0000000087800000, 0x0000000087900000, 0x0000000087900000|100%| O|  |TAMS 0x0000000087800000| PB 0x0000000087800000| Untracked 
| 121|0x0000000087900000, 0x0000000087a00000, 0x0000000087a00000|100%| O|  |TAMS 0x0000000087900000| PB 0x0000000087900000| Untracked 
| 122|0x0000000087a00000, 0x0000000087b00000, 0x0000000087b00000|100%| O|  |TAMS 0x0000000087a00000| PB 0x0000000087a00000| Untracked 
| 123|0x0000000087b00000, 0x0000000087c00000, 0x0000000087c00000|100%|HS|  |TAMS 0x0000000087b00000| PB 0x0000000087b00000| Complete 
| 124|0x0000000087c00000, 0x0000000087d00000, 0x0000000087d00000|100%|HS|  |TAMS 0x0000000087c00000| PB 0x0000000087c00000| Complete 
| 125|0x0000000087d00000, 0x0000000087e00000, 0x0000000087e00000|100%|HC|  |TAMS 0x0000000087d00000| PB 0x0000000087d00000| Complete 
| 126|0x0000000087e00000, 0x0000000087f00000, 0x0000000087f00000|100%|HS|  |TAMS 0x0000000087e00000| PB 0x0000000087e00000| Complete 
| 127|0x0000000087f00000, 0x0000000088000000, 0x0000000088000000|100%|HS|  |TAMS 0x0000000087f00000| PB 0x0000000087f00000| Complete 
| 128|0x0000000088000000, 0x0000000088100000, 0x0000000088100000|100%|HS|  |TAMS 0x0000000088000000| PB 0x0000000088000000| Complete 
| 129|0x0000000088100000, 0x0000000088200000, 0x0000000088200000|100%| O|  |TAMS 0x0000000088100000| PB 0x0000000088100000| Untracked 
| 130|0x0000000088200000, 0x0000000088300000, 0x0000000088300000|100%|HS|  |TAMS 0x0000000088200000| PB 0x0000000088200000| Complete 
| 131|0x0000000088300000, 0x0000000088400000, 0x0000000088400000|100%|HS|  |TAMS 0x0000000088300000| PB 0x0000000088300000| Complete 
| 132|0x0000000088400000, 0x0000000088400000, 0x0000000088500000|  0%| F|  |TAMS 0x0000000088400000| PB 0x0000000088400000| Untracked 
| 133|0x0000000088500000, 0x0000000088600000, 0x0000000088600000|100%| O|  |TAMS 0x0000000088500000| PB 0x0000000088500000| Untracked 
| 134|0x0000000088600000, 0x0000000088600000, 0x0000000088700000|  0%| F|  |TAMS 0x0000000088600000| PB 0x0000000088600000| Untracked 
| 135|0x0000000088700000, 0x0000000088800000, 0x0000000088800000|100%| O|  |TAMS 0x0000000088700000| PB 0x0000000088700000| Untracked 
| 136|0x0000000088800000, 0x0000000088800000, 0x0000000088900000|  0%| F|  |TAMS 0x0000000088800000| PB 0x0000000088800000| Untracked 
| 137|0x0000000088900000, 0x0000000088a00000, 0x0000000088a00000|100%| O|  |TAMS 0x0000000088900000| PB 0x0000000088900000| Untracked 
| 138|0x0000000088a00000, 0x0000000088b00000, 0x0000000088b00000|100%| O|  |TAMS 0x0000000088a00000| PB 0x0000000088a00000| Untracked 
| 139|0x0000000088b00000, 0x0000000088c00000, 0x0000000088c00000|100%| O|  |TAMS 0x0000000088b00000| PB 0x0000000088b00000| Untracked 
| 140|0x0000000088c00000, 0x0000000088d00000, 0x0000000088d00000|100%| O|  |TAMS 0x0000000088c00000| PB 0x0000000088c00000| Untracked 
| 141|0x0000000088d00000, 0x0000000088e00000, 0x0000000088e00000|100%| O|  |TAMS 0x0000000088d00000| PB 0x0000000088d00000| Untracked 
| 142|0x0000000088e00000, 0x0000000088f00000, 0x0000000088f00000|100%|HS|  |TAMS 0x0000000088e00000| PB 0x0000000088e00000| Complete 
| 143|0x0000000088f00000, 0x0000000089000000, 0x0000000089000000|100%|HC|  |TAMS 0x0000000088f00000| PB 0x0000000088f00000| Complete 
| 144|0x0000000089000000, 0x0000000089100000, 0x0000000089100000|100%| O|  |TAMS 0x0000000089000000| PB 0x0000000089000000| Untracked 
| 145|0x0000000089100000, 0x0000000089200000, 0x0000000089200000|100%| O|  |TAMS 0x0000000089100000| PB 0x0000000089100000| Untracked 
| 146|0x0000000089200000, 0x0000000089300000, 0x0000000089300000|100%| O|  |TAMS 0x0000000089200000| PB 0x0000000089200000| Untracked 
| 147|0x0000000089300000, 0x0000000089400000, 0x0000000089400000|100%| O|  |TAMS 0x0000000089300000| PB 0x0000000089300000| Untracked 
| 148|0x0000000089400000, 0x0000000089500000, 0x0000000089500000|100%| O|  |TAMS 0x0000000089400000| PB 0x0000000089400000| Untracked 
| 149|0x0000000089500000, 0x0000000089600000, 0x0000000089600000|100%| O|  |TAMS 0x0000000089500000| PB 0x0000000089500000| Untracked 
| 150|0x0000000089600000, 0x0000000089700000, 0x0000000089700000|100%| O|  |TAMS 0x0000000089600000| PB 0x0000000089600000| Untracked 
| 151|0x0000000089700000, 0x0000000089800000, 0x0000000089800000|100%| O|  |TAMS 0x0000000089700000| PB 0x0000000089700000| Untracked 
| 152|0x0000000089800000, 0x0000000089900000, 0x0000000089900000|100%| O|  |TAMS 0x0000000089800000| PB 0x0000000089800000| Untracked 
| 153|0x0000000089900000, 0x0000000089a00000, 0x0000000089a00000|100%| O|  |TAMS 0x0000000089900000| PB 0x0000000089900000| Untracked 
| 154|0x0000000089a00000, 0x0000000089b00000, 0x0000000089b00000|100%| O|  |TAMS 0x0000000089a00000| PB 0x0000000089a00000| Untracked 
| 155|0x0000000089b00000, 0x0000000089c00000, 0x0000000089c00000|100%|HS|  |TAMS 0x0000000089b00000| PB 0x0000000089b00000| Complete 
| 156|0x0000000089c00000, 0x0000000089c00000, 0x0000000089d00000|  0%| F|  |TAMS 0x0000000089c00000| PB 0x0000000089c00000| Untracked 
| 157|0x0000000089d00000, 0x0000000089e00000, 0x0000000089e00000|100%| O|  |TAMS 0x0000000089d00000| PB 0x0000000089d00000| Untracked 
| 158|0x0000000089e00000, 0x0000000089f00000, 0x0000000089f00000|100%| O|  |TAMS 0x0000000089e00000| PB 0x0000000089e00000| Untracked 
| 159|0x0000000089f00000, 0x000000008a000000, 0x000000008a000000|100%| O|  |TAMS 0x0000000089f00000| PB 0x0000000089f00000| Untracked 
| 160|0x000000008a000000, 0x000000008a100000, 0x000000008a100000|100%| O|  |TAMS 0x000000008a000000| PB 0x000000008a000000| Untracked 
| 161|0x000000008a100000, 0x000000008a200000, 0x000000008a200000|100%| O|  |TAMS 0x000000008a100000| PB 0x000000008a100000| Untracked 
| 162|0x000000008a200000, 0x000000008a300000, 0x000000008a300000|100%| O|  |TAMS 0x000000008a200000| PB 0x000000008a200000| Untracked 
| 163|0x000000008a300000, 0x000000008a400000, 0x000000008a400000|100%| O|  |TAMS 0x000000008a300000| PB 0x000000008a300000| Untracked 
| 164|0x000000008a400000, 0x000000008a500000, 0x000000008a500000|100%| O|  |TAMS 0x000000008a400000| PB 0x000000008a400000| Untracked 
| 165|0x000000008a500000, 0x000000008a600000, 0x000000008a600000|100%| O|  |TAMS 0x000000008a500000| PB 0x000000008a500000| Untracked 
| 166|0x000000008a600000, 0x000000008a700000, 0x000000008a700000|100%| O|  |TAMS 0x000000008a600000| PB 0x000000008a600000| Untracked 
| 167|0x000000008a700000, 0x000000008a800000, 0x000000008a800000|100%| O|  |TAMS 0x000000008a700000| PB 0x000000008a700000| Untracked 
| 168|0x000000008a800000, 0x000000008a900000, 0x000000008a900000|100%| O|  |TAMS 0x000000008a800000| PB 0x000000008a800000| Untracked 
| 169|0x000000008a900000, 0x000000008aa00000, 0x000000008aa00000|100%| O|  |TAMS 0x000000008a900000| PB 0x000000008a900000| Untracked 
| 170|0x000000008aa00000, 0x000000008ab00000, 0x000000008ab00000|100%| O|  |TAMS 0x000000008aa00000| PB 0x000000008aa00000| Untracked 
| 171|0x000000008ab00000, 0x000000008ac00000, 0x000000008ac00000|100%| O|  |TAMS 0x000000008ab00000| PB 0x000000008ab00000| Untracked 
| 172|0x000000008ac00000, 0x000000008ad00000, 0x000000008ad00000|100%| O|  |TAMS 0x000000008ac00000| PB 0x000000008ac00000| Untracked 
| 173|0x000000008ad00000, 0x000000008ae00000, 0x000000008ae00000|100%| O|  |TAMS 0x000000008ad00000| PB 0x000000008ad00000| Untracked 
| 174|0x000000008ae00000, 0x000000008af00000, 0x000000008af00000|100%| O|  |TAMS 0x000000008ae00000| PB 0x000000008ae00000| Untracked 
| 175|0x000000008af00000, 0x000000008b000000, 0x000000008b000000|100%| O|  |TAMS 0x000000008af00000| PB 0x000000008af00000| Untracked 
| 176|0x000000008b000000, 0x000000008b100000, 0x000000008b100000|100%| O|  |TAMS 0x000000008b000000| PB 0x000000008b000000| Untracked 
| 177|0x000000008b100000, 0x000000008b200000, 0x000000008b200000|100%| O|  |TAMS 0x000000008b100000| PB 0x000000008b100000| Untracked 
| 178|0x000000008b200000, 0x000000008b300000, 0x000000008b300000|100%| O|  |TAMS 0x000000008b200000| PB 0x000000008b200000| Untracked 
| 179|0x000000008b300000, 0x000000008b400000, 0x000000008b400000|100%| O|  |TAMS 0x000000008b300000| PB 0x000000008b300000| Untracked 
| 180|0x000000008b400000, 0x000000008b500000, 0x000000008b500000|100%| O|  |TAMS 0x000000008b400000| PB 0x000000008b400000| Untracked 
| 181|0x000000008b500000, 0x000000008b600000, 0x000000008b600000|100%| O|  |TAMS 0x000000008b500000| PB 0x000000008b500000| Untracked 
| 182|0x000000008b600000, 0x000000008b700000, 0x000000008b700000|100%| O|  |TAMS 0x000000008b600000| PB 0x000000008b600000| Untracked 
| 183|0x000000008b700000, 0x000000008b800000, 0x000000008b800000|100%| O|  |TAMS 0x000000008b700000| PB 0x000000008b700000| Untracked 
| 184|0x000000008b800000, 0x000000008b900000, 0x000000008b900000|100%| O|  |TAMS 0x000000008b800000| PB 0x000000008b800000| Untracked 
| 185|0x000000008b900000, 0x000000008ba00000, 0x000000008ba00000|100%| O|  |TAMS 0x000000008b900000| PB 0x000000008b900000| Untracked 
| 186|0x000000008ba00000, 0x000000008bb00000, 0x000000008bb00000|100%| O|  |TAMS 0x000000008ba00000| PB 0x000000008ba00000| Untracked 
| 187|0x000000008bb00000, 0x000000008bc00000, 0x000000008bc00000|100%| O|  |TAMS 0x000000008bb00000| PB 0x000000008bb00000| Untracked 
| 188|0x000000008bc00000, 0x000000008bd00000, 0x000000008bd00000|100%| O|  |TAMS 0x000000008bc00000| PB 0x000000008bc00000| Untracked 
| 189|0x000000008bd00000, 0x000000008be00000, 0x000000008be00000|100%| O|  |TAMS 0x000000008bd00000| PB 0x000000008bd00000| Untracked 
| 190|0x000000008be00000, 0x000000008bf00000, 0x000000008bf00000|100%| O|  |TAMS 0x000000008be00000| PB 0x000000008be00000| Untracked 
| 191|0x000000008bf00000, 0x000000008c000000, 0x000000008c000000|100%| O|  |TAMS 0x000000008bf00000| PB 0x000000008bf00000| Untracked 
| 192|0x000000008c000000, 0x000000008c100000, 0x000000008c100000|100%| O|  |TAMS 0x000000008c000000| PB 0x000000008c000000| Untracked 
| 193|0x000000008c100000, 0x000000008c200000, 0x000000008c200000|100%| O|  |TAMS 0x000000008c100000| PB 0x000000008c100000| Untracked 
| 194|0x000000008c200000, 0x000000008c300000, 0x000000008c300000|100%| O|  |TAMS 0x000000008c200000| PB 0x000000008c200000| Untracked 
| 195|0x000000008c300000, 0x000000008c400000, 0x000000008c400000|100%| O|  |TAMS 0x000000008c300000| PB 0x000000008c300000| Untracked 
| 196|0x000000008c400000, 0x000000008c500000, 0x000000008c500000|100%| O|  |TAMS 0x000000008c400000| PB 0x000000008c400000| Untracked 
| 197|0x000000008c500000, 0x000000008c600000, 0x000000008c600000|100%| O|  |TAMS 0x000000008c500000| PB 0x000000008c500000| Untracked 
| 198|0x000000008c600000, 0x000000008c700000, 0x000000008c700000|100%| O|  |TAMS 0x000000008c600000| PB 0x000000008c600000| Untracked 
| 199|0x000000008c700000, 0x000000008c800000, 0x000000008c800000|100%| O|  |TAMS 0x000000008c700000| PB 0x000000008c700000| Untracked 
| 200|0x000000008c800000, 0x000000008c900000, 0x000000008c900000|100%| O|  |TAMS 0x000000008c800000| PB 0x000000008c800000| Untracked 
| 201|0x000000008c900000, 0x000000008ca00000, 0x000000008ca00000|100%| O|  |TAMS 0x000000008c900000| PB 0x000000008c900000| Untracked 
| 202|0x000000008ca00000, 0x000000008cb00000, 0x000000008cb00000|100%| O|  |TAMS 0x000000008ca00000| PB 0x000000008ca00000| Untracked 
| 203|0x000000008cb00000, 0x000000008cc00000, 0x000000008cc00000|100%| O|  |TAMS 0x000000008cb00000| PB 0x000000008cb00000| Untracked 
| 204|0x000000008cc00000, 0x000000008cd00000, 0x000000008cd00000|100%| O|  |TAMS 0x000000008cc00000| PB 0x000000008cc00000| Untracked 
| 205|0x000000008cd00000, 0x000000008ce00000, 0x000000008ce00000|100%| O|  |TAMS 0x000000008cd00000| PB 0x000000008cd00000| Untracked 
| 206|0x000000008ce00000, 0x000000008cf00000, 0x000000008cf00000|100%| O|  |TAMS 0x000000008ce00000| PB 0x000000008ce00000| Untracked 
| 207|0x000000008cf00000, 0x000000008d000000, 0x000000008d000000|100%| O|  |TAMS 0x000000008cf00000| PB 0x000000008cf00000| Untracked 
| 208|0x000000008d000000, 0x000000008d100000, 0x000000008d100000|100%| O|  |TAMS 0x000000008d000000| PB 0x000000008d000000| Untracked 
| 209|0x000000008d100000, 0x000000008d200000, 0x000000008d200000|100%| O|  |TAMS 0x000000008d100000| PB 0x000000008d100000| Untracked 
| 210|0x000000008d200000, 0x000000008d300000, 0x000000008d300000|100%| O|  |TAMS 0x000000008d200000| PB 0x000000008d200000| Untracked 
| 211|0x000000008d300000, 0x000000008d400000, 0x000000008d400000|100%| O|  |TAMS 0x000000008d300000| PB 0x000000008d300000| Untracked 
| 212|0x000000008d400000, 0x000000008d500000, 0x000000008d500000|100%| O|  |TAMS 0x000000008d400000| PB 0x000000008d400000| Untracked 
| 213|0x000000008d500000, 0x000000008d500000, 0x000000008d600000|  0%| F|  |TAMS 0x000000008d500000| PB 0x000000008d500000| Untracked 
| 214|0x000000008d600000, 0x000000008d600000, 0x000000008d700000|  0%| F|  |TAMS 0x000000008d600000| PB 0x000000008d600000| Untracked 
| 215|0x000000008d700000, 0x000000008d700000, 0x000000008d800000|  0%| F|  |TAMS 0x000000008d700000| PB 0x000000008d700000| Untracked 
| 216|0x000000008d800000, 0x000000008d800000, 0x000000008d900000|  0%| F|  |TAMS 0x000000008d800000| PB 0x000000008d800000| Untracked 
| 217|0x000000008d900000, 0x000000008d900000, 0x000000008da00000|  0%| F|  |TAMS 0x000000008d900000| PB 0x000000008d900000| Untracked 
| 218|0x000000008da00000, 0x000000008da00000, 0x000000008db00000|  0%| F|  |TAMS 0x000000008da00000| PB 0x000000008da00000| Untracked 
| 219|0x000000008db00000, 0x000000008db00000, 0x000000008dc00000|  0%| F|  |TAMS 0x000000008db00000| PB 0x000000008db00000| Untracked 
| 220|0x000000008dc00000, 0x000000008dc00000, 0x000000008dd00000|  0%| F|  |TAMS 0x000000008dc00000| PB 0x000000008dc00000| Untracked 
| 221|0x000000008dd00000, 0x000000008dd00000, 0x000000008de00000|  0%| F|  |TAMS 0x000000008dd00000| PB 0x000000008dd00000| Untracked 
| 222|0x000000008de00000, 0x000000008de00000, 0x000000008df00000|  0%| F|  |TAMS 0x000000008de00000| PB 0x000000008de00000| Untracked 
| 223|0x000000008df00000, 0x000000008df00000, 0x000000008e000000|  0%| F|  |TAMS 0x000000008df00000| PB 0x000000008df00000| Untracked 
| 224|0x000000008e000000, 0x000000008e000000, 0x000000008e100000|  0%| F|  |TAMS 0x000000008e000000| PB 0x000000008e000000| Untracked 
| 225|0x000000008e100000, 0x000000008e100000, 0x000000008e200000|  0%| F|  |TAMS 0x000000008e100000| PB 0x000000008e100000| Untracked 
| 226|0x000000008e200000, 0x000000008e200000, 0x000000008e300000|  0%| F|  |TAMS 0x000000008e200000| PB 0x000000008e200000| Untracked 
| 227|0x000000008e300000, 0x000000008e300000, 0x000000008e400000|  0%| F|  |TAMS 0x000000008e300000| PB 0x000000008e300000| Untracked 
| 228|0x000000008e400000, 0x000000008e400000, 0x000000008e500000|  0%| F|  |TAMS 0x000000008e400000| PB 0x000000008e400000| Untracked 
| 229|0x000000008e500000, 0x000000008e500000, 0x000000008e600000|  0%| F|  |TAMS 0x000000008e500000| PB 0x000000008e500000| Untracked 
| 230|0x000000008e600000, 0x000000008e600000, 0x000000008e700000|  0%| F|  |TAMS 0x000000008e600000| PB 0x000000008e600000| Untracked 
| 231|0x000000008e700000, 0x000000008e700000, 0x000000008e800000|  0%| F|  |TAMS 0x000000008e700000| PB 0x000000008e700000| Untracked 
| 232|0x000000008e800000, 0x000000008e800000, 0x000000008e900000|  0%| F|  |TAMS 0x000000008e800000| PB 0x000000008e800000| Untracked 
| 233|0x000000008e900000, 0x000000008e900000, 0x000000008ea00000|  0%| F|  |TAMS 0x000000008e900000| PB 0x000000008e900000| Untracked 
| 234|0x000000008ea00000, 0x000000008ea00000, 0x000000008eb00000|  0%| F|  |TAMS 0x000000008ea00000| PB 0x000000008ea00000| Untracked 
| 235|0x000000008eb00000, 0x000000008eb00000, 0x000000008ec00000|  0%| F|  |TAMS 0x000000008eb00000| PB 0x000000008eb00000| Untracked 
| 236|0x000000008ec00000, 0x000000008ec00000, 0x000000008ed00000|  0%| F|  |TAMS 0x000000008ec00000| PB 0x000000008ec00000| Untracked 
| 237|0x000000008ed00000, 0x000000008ed00000, 0x000000008ee00000|  0%| F|  |TAMS 0x000000008ed00000| PB 0x000000008ed00000| Untracked 
| 238|0x000000008ee00000, 0x000000008ee00000, 0x000000008ef00000|  0%| F|  |TAMS 0x000000008ee00000| PB 0x000000008ee00000| Untracked 
| 239|0x000000008ef00000, 0x000000008ef00000, 0x000000008f000000|  0%| F|  |TAMS 0x000000008ef00000| PB 0x000000008ef00000| Untracked 
| 240|0x000000008f000000, 0x000000008f000000, 0x000000008f100000|  0%| F|  |TAMS 0x000000008f000000| PB 0x000000008f000000| Untracked 
| 241|0x000000008f100000, 0x000000008f100000, 0x000000008f200000|  0%| F|  |TAMS 0x000000008f100000| PB 0x000000008f100000| Untracked 
| 242|0x000000008f200000, 0x000000008f200000, 0x000000008f300000|  0%| F|  |TAMS 0x000000008f200000| PB 0x000000008f200000| Untracked 
| 243|0x000000008f300000, 0x000000008f300000, 0x000000008f400000|  0%| F|  |TAMS 0x000000008f300000| PB 0x000000008f300000| Untracked 
| 244|0x000000008f400000, 0x000000008f400000, 0x000000008f500000|  0%| F|  |TAMS 0x000000008f400000| PB 0x000000008f400000| Untracked 
| 245|0x000000008f500000, 0x000000008f500000, 0x000000008f600000|  0%| F|  |TAMS 0x000000008f500000| PB 0x000000008f500000| Untracked 
| 246|0x000000008f600000, 0x000000008f600000, 0x000000008f700000|  0%| F|  |TAMS 0x000000008f600000| PB 0x000000008f600000| Untracked 
| 247|0x000000008f700000, 0x000000008f700000, 0x000000008f800000|  0%| F|  |TAMS 0x000000008f700000| PB 0x000000008f700000| Untracked 
| 248|0x000000008f800000, 0x000000008f800000, 0x000000008f900000|  0%| F|  |TAMS 0x000000008f800000| PB 0x000000008f800000| Untracked 
| 249|0x000000008f900000, 0x000000008f900000, 0x000000008fa00000|  0%| F|  |TAMS 0x000000008f900000| PB 0x000000008f900000| Untracked 
| 250|0x000000008fa00000, 0x000000008fa00000, 0x000000008fb00000|  0%| F|  |TAMS 0x000000008fa00000| PB 0x000000008fa00000| Untracked 
| 251|0x000000008fb00000, 0x000000008fb00000, 0x000000008fc00000|  0%| F|  |TAMS 0x000000008fb00000| PB 0x000000008fb00000| Untracked 
| 252|0x000000008fc00000, 0x000000008fc00000, 0x000000008fd00000|  0%| F|  |TAMS 0x000000008fc00000| PB 0x000000008fc00000| Untracked 
| 253|0x000000008fd00000, 0x000000008fd00000, 0x000000008fe00000|  0%| F|  |TAMS 0x000000008fd00000| PB 0x000000008fd00000| Untracked 
| 254|0x000000008fe00000, 0x000000008fe00000, 0x000000008ff00000|  0%| F|  |TAMS 0x000000008fe00000| PB 0x000000008fe00000| Untracked 
| 255|0x000000008ff00000, 0x000000008ff00000, 0x0000000090000000|  0%| F|  |TAMS 0x000000008ff00000| PB 0x000000008ff00000| Untracked 
| 256|0x0000000090000000, 0x0000000090000000, 0x0000000090100000|  0%| F|  |TAMS 0x0000000090000000| PB 0x0000000090000000| Untracked 
| 257|0x0000000090100000, 0x0000000090100000, 0x0000000090200000|  0%| F|  |TAMS 0x0000000090100000| PB 0x0000000090100000| Untracked 
| 258|0x0000000090200000, 0x0000000090200000, 0x0000000090300000|  0%| F|  |TAMS 0x0000000090200000| PB 0x0000000090200000| Untracked 
| 259|0x0000000090300000, 0x0000000090300000, 0x0000000090400000|  0%| F|  |TAMS 0x0000000090300000| PB 0x0000000090300000| Untracked 
| 260|0x0000000090400000, 0x0000000090400000, 0x0000000090500000|  0%| F|  |TAMS 0x0000000090400000| PB 0x0000000090400000| Untracked 
| 261|0x0000000090500000, 0x0000000090500000, 0x0000000090600000|  0%| F|  |TAMS 0x0000000090500000| PB 0x0000000090500000| Untracked 
| 262|0x0000000090600000, 0x0000000090600000, 0x0000000090700000|  0%| F|  |TAMS 0x0000000090600000| PB 0x0000000090600000| Untracked 
| 263|0x0000000090700000, 0x0000000090700000, 0x0000000090800000|  0%| F|  |TAMS 0x0000000090700000| PB 0x0000000090700000| Untracked 
| 264|0x0000000090800000, 0x0000000090800000, 0x0000000090900000|  0%| F|  |TAMS 0x0000000090800000| PB 0x0000000090800000| Untracked 
| 265|0x0000000090900000, 0x0000000090900000, 0x0000000090a00000|  0%| F|  |TAMS 0x0000000090900000| PB 0x0000000090900000| Untracked 
| 266|0x0000000090a00000, 0x0000000090a00000, 0x0000000090b00000|  0%| F|  |TAMS 0x0000000090a00000| PB 0x0000000090a00000| Untracked 
| 267|0x0000000090b00000, 0x0000000090b00000, 0x0000000090c00000|  0%| F|  |TAMS 0x0000000090b00000| PB 0x0000000090b00000| Untracked 
| 268|0x0000000090c00000, 0x0000000090c00000, 0x0000000090d00000|  0%| F|  |TAMS 0x0000000090c00000| PB 0x0000000090c00000| Untracked 
| 269|0x0000000090d00000, 0x0000000090d00000, 0x0000000090e00000|  0%| F|  |TAMS 0x0000000090d00000| PB 0x0000000090d00000| Untracked 
| 270|0x0000000090e00000, 0x0000000090e00000, 0x0000000090f00000|  0%| F|  |TAMS 0x0000000090e00000| PB 0x0000000090e00000| Untracked 
| 271|0x0000000090f00000, 0x0000000090f00000, 0x0000000091000000|  0%| F|  |TAMS 0x0000000090f00000| PB 0x0000000090f00000| Untracked 
| 272|0x0000000091000000, 0x0000000091000000, 0x0000000091100000|  0%| F|  |TAMS 0x0000000091000000| PB 0x0000000091000000| Untracked 
| 273|0x0000000091100000, 0x0000000091100000, 0x0000000091200000|  0%| F|  |TAMS 0x0000000091100000| PB 0x0000000091100000| Untracked 
| 274|0x0000000091200000, 0x0000000091200000, 0x0000000091300000|  0%| F|  |TAMS 0x0000000091200000| PB 0x0000000091200000| Untracked 
| 275|0x0000000091300000, 0x0000000091300000, 0x0000000091400000|  0%| F|  |TAMS 0x0000000091300000| PB 0x0000000091300000| Untracked 
| 276|0x0000000091400000, 0x0000000091400000, 0x0000000091500000|  0%| F|  |TAMS 0x0000000091400000| PB 0x0000000091400000| Untracked 
| 277|0x0000000091500000, 0x0000000091500000, 0x0000000091600000|  0%| F|  |TAMS 0x0000000091500000| PB 0x0000000091500000| Untracked 
| 278|0x0000000091600000, 0x0000000091600000, 0x0000000091700000|  0%| F|  |TAMS 0x0000000091600000| PB 0x0000000091600000| Untracked 
| 279|0x0000000091700000, 0x0000000091700000, 0x0000000091800000|  0%| F|  |TAMS 0x0000000091700000| PB 0x0000000091700000| Untracked 
| 280|0x0000000091800000, 0x0000000091800000, 0x0000000091900000|  0%| F|  |TAMS 0x0000000091800000| PB 0x0000000091800000| Untracked 
| 281|0x0000000091900000, 0x0000000091900000, 0x0000000091a00000|  0%| F|  |TAMS 0x0000000091900000| PB 0x0000000091900000| Untracked 
|2027|0x00000000feb00000, 0x00000000feb00000, 0x00000000fec00000|  0%| F|  |TAMS 0x00000000feb00000| PB 0x00000000feb00000| Untracked 
|2028|0x00000000fec00000, 0x00000000fec95f08, 0x00000000fed00000| 58%| S|CS|TAMS 0x00000000fec00000| PB 0x00000000fec00000| Complete 
|2029|0x00000000fed00000, 0x00000000fed00000, 0x00000000fee00000|  0%| F|  |TAMS 0x00000000fed00000| PB 0x00000000fed00000| Untracked 
|2030|0x00000000fee00000, 0x00000000fee00000, 0x00000000fef00000|  0%| F|  |TAMS 0x00000000fee00000| PB 0x00000000fee00000| Untracked 
|2031|0x00000000fef00000, 0x00000000fef00000, 0x00000000ff000000|  0%| F|  |TAMS 0x00000000fef00000| PB 0x00000000fef00000| Untracked 
|2032|0x00000000ff000000, 0x00000000ff000000, 0x00000000ff100000|  0%| F|  |TAMS 0x00000000ff000000| PB 0x00000000ff000000| Untracked 
|2033|0x00000000ff100000, 0x00000000ff100000, 0x00000000ff200000|  0%| F|  |TAMS 0x00000000ff100000| PB 0x00000000ff100000| Untracked 
|2034|0x00000000ff200000, 0x00000000ff200000, 0x00000000ff300000|  0%| F|  |TAMS 0x00000000ff200000| PB 0x00000000ff200000| Untracked 
|2035|0x00000000ff300000, 0x00000000ff300000, 0x00000000ff400000|  0%| F|  |TAMS 0x00000000ff300000| PB 0x00000000ff300000| Untracked 
|2036|0x00000000ff400000, 0x00000000ff400000, 0x00000000ff500000|  0%| F|  |TAMS 0x00000000ff400000| PB 0x00000000ff400000| Untracked 
|2037|0x00000000ff500000, 0x00000000ff500000, 0x00000000ff600000|  0%| F|  |TAMS 0x00000000ff500000| PB 0x00000000ff500000| Untracked 
|2038|0x00000000ff600000, 0x00000000ff600000, 0x00000000ff700000|  0%| F|  |TAMS 0x00000000ff600000| PB 0x00000000ff600000| Untracked 
|2039|0x00000000ff700000, 0x00000000ff700000, 0x00000000ff800000|  0%| F|  |TAMS 0x00000000ff700000| PB 0x00000000ff700000| Untracked 
|2040|0x00000000ff800000, 0x00000000ff800000, 0x00000000ff900000|  0%| F|  |TAMS 0x00000000ff800000| PB 0x00000000ff800000| Untracked 
|2041|0x00000000ff900000, 0x00000000ff900000, 0x00000000ffa00000|  0%| F|  |TAMS 0x00000000ff900000| PB 0x00000000ff900000| Untracked 
|2042|0x00000000ffa00000, 0x00000000ffa00000, 0x00000000ffb00000|  0%| F|  |TAMS 0x00000000ffa00000| PB 0x00000000ffa00000| Untracked 
|2043|0x00000000ffb00000, 0x00000000ffc00000, 0x00000000ffc00000|100%| O|  |TAMS 0x00000000ffb00000| PB 0x00000000ffb00000| Untracked 
|2044|0x00000000ffc00000, 0x00000000ffd00000, 0x00000000ffd00000|100%| O|  |TAMS 0x00000000ffc00000| PB 0x00000000ffc00000| Untracked 
|2045|0x00000000ffd00000, 0x00000000ffd00000, 0x00000000ffe00000|  0%| F|  |TAMS 0x00000000ffd00000| PB 0x00000000ffd00000| Untracked 
|2046|0x00000000ffe00000, 0x00000000ffe00000, 0x00000000fff00000|  0%| F|  |TAMS 0x00000000ffe00000| PB 0x00000000ffe00000| Untracked 
|2047|0x00000000fff00000, 0x0000000100000000, 0x0000000100000000|100%| O|  |TAMS 0x00000000fff00000| PB 0x00000000fff00000| Untracked 

Card table byte_map: [0x000001b57dc80000,0x000001b57e080000] _byte_map_base: 0x000001b57d880000

Marking Bits: (CMBitMap*) 0x000001b57d807680
 Bits: [0x000001b517660000, 0x000001b519660000)

Polling page: 0x000001b57b570000

Metaspace:

Usage:
  Non-class:    130.73 MB used.
      Class:     19.31 MB used.
       Both:    150.04 MB used.

Virtual space:
  Non-class space:      192.00 MB reserved,     131.94 MB ( 69%) committed,  3 nodes.
      Class space:        1.00 GB reserved,      20.56 MB (  2%) committed,  1 nodes.
             Both:        1.19 GB reserved,     152.50 MB ( 13%) committed. 

Chunk freelists:
   Non-Class:  11.38 MB
       Class:  11.30 MB
        Both:  22.67 MB

MaxMetaspaceSize: unlimited
CompressedClassSpaceSize: 1.00 GB
Initial GC threshold: 21.00 MB
Current GC threshold: 233.12 MB
CDS: on
 - commit_granule_bytes: 65536.
 - commit_granule_words: 8192.
 - virtual_space_node_default_size: 8388608.
 - enlarge_chunks_in_place: 1.
 - use_allocation_guard: 0.


Internal statistics:

num_allocs_failed_limit: 3.
num_arena_births: 4578.
num_arena_deaths: 0.
num_vsnodes_births: 4.
num_vsnodes_deaths: 0.
num_space_committed: 2439.
num_space_uncommitted: 0.
num_chunks_returned_to_freelist: 3.
num_chunks_taken_from_freelist: 11018.
num_chunk_merges: 3.
num_chunk_splits: 7751.
num_chunks_enlarged: 5496.
num_inconsistent_stats: 0.

CodeHeap 'non-profiled nmethods': size=120000Kb used=8976Kb max_used=8976Kb free=111023Kb
 bounds [0x000001b510130000, 0x000001b510a00000, 0x000001b517660000]
CodeHeap 'profiled nmethods': size=120000Kb used=39993Kb max_used=39993Kb free=80006Kb
 bounds [0x000001b508660000, 0x000001b50ad70000, 0x000001b50fb90000]
CodeHeap 'non-nmethods': size=5760Kb used=2307Kb max_used=2352Kb free=3452Kb
 bounds [0x000001b50fb90000, 0x000001b50fe00000, 0x000001b510130000]
CodeCache: size=245760Kb, used=51276Kb, max_used=51321Kb, free=194481Kb
 total_blobs=17063, nmethods=15930, adapters=1035, full_count=0
Compilation: enabled, stopped_count=0, restarted_count=0

Compilation events (20 events):
Event: 307.283 Thread 0x000001b51b81f1c0 17995       3       org.gradle.internal.instantiation.generator.ManagedObjectFactory::displayNameFor (45 bytes)
Event: 307.285 Thread 0x000001b51b81f1c0 nmethod 17995 0x000001b50ad67990 code [0x000001b50ad67c60, 0x000001b50ad68d40]
Event: 307.285 Thread 0x000001b51b81f1c0 17996       1       org.gradle.api.internal.provider.DefaultProperty::getType (5 bytes)
Event: 307.285 Thread 0x000001b51b81f1c0 nmethod 17996 0x000001b5109f3990 code [0x000001b5109f3b20, 0x000001b5109f3be8]
Event: 307.416 Thread 0x000001b51b81f1c0 17997       3       org.objectweb.asm.Handler::removeRange (156 bytes)
Event: 307.418 Thread 0x000001b51b81f1c0 nmethod 17997 0x000001b50ad69210 code [0x000001b50ad69440, 0x000001b50ad69b78]
Event: 307.954 Thread 0x000001b51b81f1c0 17998       3       sun.reflect.generics.reflectiveObjects.TypeVariableImpl::make (68 bytes)
Event: 307.955 Thread 0x000001b51b81f1c0 nmethod 17998 0x000001b50ad69e10 code [0x000001b50ad6a0a0, 0x000001b50ad6adc0]
Event: 307.956 Thread 0x000001b51b81e720 17999       4       java.util.TreeMap$ValueIterator::next (8 bytes)
Event: 307.963 Thread 0x000001b51b81e720 nmethod 17999 0x000001b5109f3c90 code [0x000001b5109f3e20, 0x000001b5109f4168]
Event: 307.974 Thread 0x000001b51b81f1c0 18000       3       org.gradle.internal.instantiation.generator.AbstractClassGenerator$PropertyMetadata::getGenericType (34 bytes)
Event: 307.976 Thread 0x000001b51b81f1c0 nmethod 18000 0x000001b50ad6b190 code [0x000001b50ad6b400, 0x000001b50ad6bf88]
Event: 308.008 Thread 0x000001b51b81f1c0 18001       3       jdk.internal.reflect.FieldAccessorImpl::<init> (10 bytes)
Event: 308.009 Thread 0x000001b51b81f1c0 nmethod 18001 0x000001b50ad6c290 code [0x000001b50ad6c440, 0x000001b50ad6c660]
Event: 308.071 Thread 0x000001b51b81f1c0 18002       3       sun.reflect.generics.repository.ClassRepository::computeSuperInterfaces (62 bytes)
Event: 308.072 Thread 0x000001b51b81f1c0 nmethod 18002 0x000001b50ad6c790 code [0x000001b50ad6c9a0, 0x000001b50ad6d370]
Event: 308.285 Thread 0x000001b51b81f1c0 18003       3       com.google.common.collect.ImmutableSet::builderWithExpectedSize (16 bytes)
Event: 308.286 Thread 0x000001b51b81f1c0 nmethod 18003 0x000001b50ad6d710 code [0x000001b50ad6d920, 0x000001b50ad6dfb0]
Event: 308.293 Thread 0x000001b51b81f1c0 18004       3       org.gradle.model.internal.asm.AsmClassGeneratorUtils::visitTypes (33 bytes)
Event: 308.294 Thread 0x000001b51b81f1c0 nmethod 18004 0x000001b50ad6e210 code [0x000001b50ad6e3c0, 0x000001b50ad6e5b0]

GC Heap History (20 events):
Event: 235.120 GC heap after
{Heap after GC invocations=55 (full 0):
 garbage-first heap   total 258048K, used 172363K [0x0000000080000000, 0x0000000100000000)
  region size 1024K, 2 young (2048K), 2 survivors (2048K)
 Metaspace       used 132443K, committed 134848K, reserved 1179648K
  class space    used 17428K, committed 18624K, reserved 1048576K
}
Event: 248.063 GC heap before
{Heap before GC invocations=55 (full 0):
 garbage-first heap   total 258048K, used 243019K [0x0000000080000000, 0x0000000100000000)
  region size 1024K, 65 young (66560K), 2 survivors (2048K)
 Metaspace       used 136522K, committed 138944K, reserved 1179648K
  class space    used 17968K, committed 19136K, reserved 1048576K
}
Event: 248.345 GC heap after
{Heap after GC invocations=56 (full 0):
 garbage-first heap   total 258048K, used 179775K [0x0000000080000000, 0x0000000100000000)
  region size 1024K, 9 young (9216K), 9 survivors (9216K)
 Metaspace       used 136522K, committed 138944K, reserved 1179648K
  class space    used 17968K, committed 19136K, reserved 1048576K
}
Event: 255.370 GC heap before
{Heap before GC invocations=56 (full 0):
 garbage-first heap   total 258048K, used 237119K [0x0000000080000000, 0x0000000100000000)
  region size 1024K, 66 young (67584K), 9 survivors (9216K)
 Metaspace       used 140656K, committed 143040K, reserved 1179648K
  class space    used 18456K, committed 19648K, reserved 1048576K
}
Event: 255.443 GC heap after
{Heap after GC invocations=57 (full 0):
 garbage-first heap   total 310272K, used 183704K [0x0000000080000000, 0x0000000100000000)
  region size 1024K, 4 young (4096K), 4 survivors (4096K)
 Metaspace       used 140656K, committed 143040K, reserved 1179648K
  class space    used 18456K, committed 19648K, reserved 1048576K
}
Event: 262.895 GC heap before
{Heap before GC invocations=58 (full 0):
 garbage-first heap   total 310272K, used 257432K [0x0000000080000000, 0x0000000100000000)
  region size 1024K, 105 young (107520K), 4 survivors (4096K)
 Metaspace       used 140955K, committed 143488K, reserved 1179648K
  class space    used 18479K, committed 19712K, reserved 1048576K
}
Event: 263.094 GC heap after
{Heap after GC invocations=59 (full 0):
 garbage-first heap   total 310272K, used 191488K [0x0000000080000000, 0x0000000100000000)
  region size 1024K, 14 young (14336K), 14 survivors (14336K)
 Metaspace       used 140955K, committed 143488K, reserved 1179648K
  class space    used 18479K, committed 19712K, reserved 1048576K
}
Event: 263.223 GC heap before
{Heap before GC invocations=59 (full 0):
 garbage-first heap   total 310272K, used 192512K [0x0000000080000000, 0x0000000100000000)
  region size 1024K, 15 young (15360K), 14 survivors (14336K)
 Metaspace       used 140958K, committed 143488K, reserved 1179648K
  class space    used 18479K, committed 19712K, reserved 1048576K
}
Event: 263.275 GC heap after
{Heap after GC invocations=60 (full 0):
 garbage-first heap   total 310272K, used 191488K [0x0000000080000000, 0x0000000100000000)
  region size 1024K, 2 young (2048K), 2 survivors (2048K)
 Metaspace       used 140958K, committed 143488K, reserved 1179648K
  class space    used 18479K, committed 19712K, reserved 1048576K
}
Event: 272.252 GC heap before
{Heap before GC invocations=60 (full 0):
 garbage-first heap   total 310272K, used 250880K [0x0000000080000000, 0x0000000100000000)
  region size 1024K, 60 young (61440K), 2 survivors (2048K)
 Metaspace       used 141790K, committed 144256K, reserved 1179648K
  class space    used 18509K, committed 19712K, reserved 1048576K
}
Event: 272.295 GC heap after
{Heap after GC invocations=61 (full 0):
 garbage-first heap   total 310272K, used 204800K [0x0000000080000000, 0x0000000100000000)
  region size 1024K, 8 young (8192K), 8 survivors (8192K)
 Metaspace       used 141790K, committed 144256K, reserved 1179648K
  class space    used 18509K, committed 19712K, reserved 1048576K
}
Event: 280.540 GC heap before
{Heap before GC invocations=61 (full 0):
 garbage-first heap   total 310272K, used 245760K [0x0000000080000000, 0x0000000100000000)
  region size 1024K, 48 young (49152K), 8 survivors (8192K)
 Metaspace       used 143479K, committed 145920K, reserved 1179648K
  class space    used 18589K, committed 19776K, reserved 1048576K
}
Event: 280.606 GC heap after
{Heap after GC invocations=62 (full 0):
 garbage-first heap   total 310272K, used 212786K [0x0000000080000000, 0x0000000100000000)
  region size 1024K, 6 young (6144K), 6 survivors (6144K)
 Metaspace       used 143479K, committed 145920K, reserved 1179648K
  class space    used 18589K, committed 19776K, reserved 1048576K
}
Event: 290.665 GC heap before
{Heap before GC invocations=62 (full 0):
 garbage-first heap   total 310272K, used 269106K [0x0000000080000000, 0x0000000100000000)
  region size 1024K, 61 young (62464K), 6 survivors (6144K)
 Metaspace       used 147528K, committed 150016K, reserved 1179648K
  class space    used 18882K, committed 20096K, reserved 1048576K
}
Event: 290.726 GC heap after
{Heap after GC invocations=63 (full 0):
 garbage-first heap   total 310272K, used 219648K [0x0000000080000000, 0x0000000100000000)
  region size 1024K, 8 young (8192K), 8 survivors (8192K)
 Metaspace       used 147528K, committed 150016K, reserved 1179648K
  class space    used 18882K, committed 20096K, reserved 1048576K
}
Event: 302.368 GC heap before
{Heap before GC invocations=63 (full 0):
 garbage-first heap   total 310272K, used 274944K [0x0000000080000000, 0x0000000100000000)
  region size 1024K, 62 young (63488K), 8 survivors (8192K)
 Metaspace       used 151725K, committed 154240K, reserved 1245184K
  class space    used 19450K, committed 20672K, reserved 1048576K
}
Event: 305.147 GC heap after
{Heap after GC invocations=64 (full 0):
 garbage-first heap   total 310272K, used 218624K [0x0000000080000000, 0x0000000100000000)
  region size 1024K, 3 young (3072K), 3 survivors (3072K)
 Metaspace       used 151725K, committed 154240K, reserved 1245184K
  class space    used 19450K, committed 20672K, reserved 1048576K
}
Event: 306.572 GC heap before
{Heap before GC invocations=64 (full 0):
 garbage-first heap   total 310272K, used 230912K [0x0000000080000000, 0x0000000100000000)
  region size 1024K, 15 young (15360K), 3 survivors (3072K)
 Metaspace       used 152656K, committed 155200K, reserved 1245184K
  class space    used 19616K, committed 20864K, reserved 1048576K
}
Event: 306.642 GC heap after
{Heap after GC invocations=65 (full 0):
 garbage-first heap   total 310272K, used 216627K [0x0000000080000000, 0x0000000100000000)
  region size 1024K, 1 young (1024K), 1 survivors (1024K)
 Metaspace       used 152656K, committed 155200K, reserved 1245184K
  class space    used 19616K, committed 20864K, reserved 1048576K
}
Event: 308.297 GC heap before
{Heap before GC invocations=65 (full 0):
 garbage-first heap   total 310272K, used 230963K [0x0000000080000000, 0x0000000100000000)
  region size 1024K, 15 young (15360K), 1 survivors (1024K)
 Metaspace       used 153636K, committed 156160K, reserved 1245184K
  class space    used 19772K, committed 21056K, reserved 1048576K
}

Dll operation events (20 events):
Event: 2.395 Attempting to load shared library C:\Program Files\Eclipse Adoptium\jdk-21.0.12.8-hotspot\bin\nio.dll
Event: 2.415 Loaded shared library C:\Program Files\Eclipse Adoptium\jdk-21.0.12.8-hotspot\bin\nio.dll
Event: 2.422 Attempting to load shared library C:\Program Files\Eclipse Adoptium\jdk-21.0.12.8-hotspot\bin\zip.dll
Event: 2.422 Loaded shared library C:\Program Files\Eclipse Adoptium\jdk-21.0.12.8-hotspot\bin\zip.dll
Event: 13.310 Attempting to load shared library C:\Program Files\Eclipse Adoptium\jdk-21.0.12.8-hotspot\bin\jimage.dll
Event: 13.315 Loaded shared library C:\Program Files\Eclipse Adoptium\jdk-21.0.12.8-hotspot\bin\jimage.dll
Event: 16.213 Attempting to load shared library C:\Program Files\Eclipse Adoptium\jdk-21.0.12.8-hotspot\bin\verify.dll
Event: 16.244 Loaded shared library C:\Program Files\Eclipse Adoptium\jdk-21.0.12.8-hotspot\bin\verify.dll
Event: 16.943 Attempting to load shared library C:\Users\rajat\.gradle\native\660c5614fbf4a5f2a75b1949f50a0caf5cd603558e7d8a26e50b933a0cfb79d1\windows-amd64\native-platform.dll
Event: 17.040 Loaded shared library C:\Users\rajat\.gradle\native\660c5614fbf4a5f2a75b1949f50a0caf5cd603558e7d8a26e50b933a0cfb79d1\windows-amd64\native-platform.dll
Event: 17.140 Attempting to load shared library C:\Users\rajat\.gradle\native\0.2.8\x86_64-windows-gnu\gradle-fileevents.dll
Event: 17.174 Loaded shared library C:\Users\rajat\.gradle\native\0.2.8\x86_64-windows-gnu\gradle-fileevents.dll
Event: 29.460 Attempting to load shared library C:\Program Files\Eclipse Adoptium\jdk-21.0.12.8-hotspot\bin\management.dll
Event: 29.472 Loaded shared library C:\Program Files\Eclipse Adoptium\jdk-21.0.12.8-hotspot\bin\management.dll
Event: 29.551 Attempting to load shared library C:\Program Files\Eclipse Adoptium\jdk-21.0.12.8-hotspot\bin\management_ext.dll
Event: 29.575 Loaded shared library C:\Program Files\Eclipse Adoptium\jdk-21.0.12.8-hotspot\bin\management_ext.dll
Event: 30.338 Attempting to load shared library C:\Program Files\Eclipse Adoptium\jdk-21.0.12.8-hotspot\bin\extnet.dll
Event: 30.344 Loaded shared library C:\Program Files\Eclipse Adoptium\jdk-21.0.12.8-hotspot\bin\extnet.dll
Event: 32.253 Attempting to load shared library C:\Program Files\Eclipse Adoptium\jdk-21.0.12.8-hotspot\bin\sunmscapi.dll
Event: 32.335 Loaded shared library C:\Program Files\Eclipse Adoptium\jdk-21.0.12.8-hotspot\bin\sunmscapi.dll

Deoptimization events (20 events):
Event: 293.831 Thread 0x000001b56106bad0 Uncommon trap: trap_request=0xffffffcc fr.pc=0x000001b5109c8450 relative=0x0000000000000390
Event: 293.831 Thread 0x000001b56106bad0 Uncommon trap: reason=intrinsic_or_type_checked_inlining action=make_not_entrant pc=0x000001b5109c8450 method=java.util.Arrays.copyOfRange([Ljava/lang/Object;IILjava/lang/Class;)[Ljava/lang/Object; @ 84 c2
Event: 293.831 Thread 0x000001b56106bad0 DEOPT PACKING pc=0x000001b5109c8450 sp=0x000000488b4f4740
Event: 293.831 Thread 0x000001b56106bad0 DEOPT UNPACKING pc=0x000001b50fbe4422 sp=0x000000488b4f46c0 mode 2
Event: 294.268 Thread 0x000001b56106bad0 Uncommon trap: trap_request=0xffffff45 fr.pc=0x000001b51064120c relative=0x000000000000088c
Event: 294.268 Thread 0x000001b56106bad0 Uncommon trap: reason=unstable_if action=reinterpret pc=0x000001b51064120c method=java.util.regex.Pattern.escape(ZZZ)I @ 8 c2
Event: 294.268 Thread 0x000001b56106bad0 DEOPT PACKING pc=0x000001b51064120c sp=0x000000488b4f5550
Event: 294.268 Thread 0x000001b56106bad0 DEOPT UNPACKING pc=0x000001b50fbe4422 sp=0x000000488b4f54e8 mode 2
Event: 297.447 Thread 0x000001b56106bad0 DEOPT PACKING pc=0x000001b50897ec30 sp=0x000000488b4f5850
Event: 297.447 Thread 0x000001b56106bad0 DEOPT UNPACKING pc=0x000001b50fbe4bc2 sp=0x000000488b4f4d50 mode 0
Event: 305.157 Thread 0x000001b51badf090 Uncommon trap: trap_request=0xffffffde fr.pc=0x000001b510400270 relative=0x0000000000000a10
Event: 305.157 Thread 0x000001b51badf090 Uncommon trap: reason=class_check action=maybe_recompile pc=0x000001b510400270 method=jdk.internal.ref.PhantomCleanable.clean()V @ 12 c2
Event: 305.157 Thread 0x000001b51badf090 DEOPT PACKING pc=0x000001b510400270 sp=0x000000488aaff210
Event: 305.157 Thread 0x000001b51badf090 DEOPT UNPACKING pc=0x000001b50fbe4422 sp=0x000000488aaff220 mode 2
Event: 305.159 Thread 0x000001b56106bad0 Uncommon trap: trap_request=0xffffff45 fr.pc=0x000001b5109e8988 relative=0x0000000000000c08
Event: 305.159 Thread 0x000001b56106bad0 Uncommon trap: reason=unstable_if action=reinterpret pc=0x000001b5109e8988 method=org.gradle.internal.instantiation.generator.AbstractClassGenerator.isAttachableType(Ljava/lang/Class;Ljava/util/function/Predicate;)Z @ 21 c2
Event: 305.159 Thread 0x000001b56106bad0 DEOPT PACKING pc=0x000001b5109e8988 sp=0x000000488b4f5cf0
Event: 305.159 Thread 0x000001b56106bad0 DEOPT UNPACKING pc=0x000001b50fbe4422 sp=0x000000488b4f5c60 mode 2
Event: 306.168 Thread 0x000001b56106bad0 DEOPT PACKING pc=0x000001b509069d1d sp=0x000000488b4f6430
Event: 306.168 Thread 0x000001b56106bad0 DEOPT UNPACKING pc=0x000001b50fbe4bc2 sp=0x000000488b4f5968 mode 0

Classes loaded (20 events):
Event: 251.335 Loading class java/security/KeyStore
Event: 251.339 Loading class java/security/KeyStore done
Event: 252.812 Loading class sun/reflect/annotation/AnnotationInvocationHandler$1
Event: 252.814 Loading class sun/reflect/annotation/AnnotationInvocationHandler$1 done
Event: 254.617 Loading class java/util/zip/ZipOutputStream
Event: 254.620 Loading class java/util/zip/ZipOutputStream done
Event: 290.787 Loading class java/util/Vector$Itr
Event: 290.797 Loading class java/util/Vector$Itr done
Event: 298.788 Loading class java/util/LinkedList$LLSpliterator
Event: 298.792 Loading class java/util/LinkedList$LLSpliterator done
Event: 300.925 Loading class java/util/stream/ReferencePipeline$4
Event: 300.933 Loading class java/util/stream/IntPipeline$StatelessOp
Event: 300.960 Loading class java/util/stream/IntPipeline$StatelessOp done
Event: 300.960 Loading class java/util/stream/ReferencePipeline$4 done
Event: 300.982 Loading class java/util/stream/ReduceOps$6
Event: 300.990 Loading class java/util/stream/ReduceOps$6 done
Event: 300.990 Loading class java/util/stream/ReduceOps$5ReducingSink
Event: 300.998 Loading class java/util/stream/ReduceOps$5ReducingSink done
Event: 300.999 Loading class java/util/stream/ReferencePipeline$4$1
Event: 300.999 Loading class java/util/stream/ReferencePipeline$4$1 done

Classes unloaded (0 events):
No events

Classes redefined (0 events):
No events

Internal exceptions (20 events):
Event: 259.676 Thread 0x000001b56106bad0 Exception <a 'sun/nio/fs/WindowsException'{0x00000000fef1c318}> (0x00000000fef1c318) 
thrown [s\src\hotspot\share\prims\jni.cpp, line 520]
Event: 265.835 Thread 0x000001b56106bad0 Exception <a 'java/lang/NoSuchMethodError'{0x00000000feb7ae18}: 'int java.lang.invoke.DirectMethodHandle$Holder.invokeStaticInit(java.lang.Object, int)'> (0x00000000feb7ae18) 
thrown [s\src\hotspot\share\interpreter\linkResolver.cpp, line 773]
Event: 279.027 Thread 0x000001b56106bad0 Exception <a 'java/lang/NoSuchMethodError'{0x00000000907f8620}: 'java.lang.Object java.lang.invoke.DirectMethodHandle$Holder.invokeStatic(java.lang.Object, java.lang.Object, java.lang.Object, int, java.lang.Object, java.lang.Object)'> (0x00000000907f8620) 
thrown [s\src\hotspot\share\interpreter\linkResolver.cpp, line 773]
Event: 286.969 Thread 0x000001b56106bad0 Implicit null exception at 0x000001b5108cfbe5 to 0x000001b5108d0448
Event: 289.939 Thread 0x000001b56106bad0 Exception <a 'java/lang/NoSuchMethodError'{0x000000008f277618}: 'java.lang.Object java.lang.invoke.DirectMethodHandle$Holder.invokeStatic(java.lang.Object, java.lang.Object, int, int)'> (0x000000008f277618) 
thrown [s\src\hotspot\share\interpreter\linkResolver.cpp, line 773]
Event: 290.211 Thread 0x000001b56106bad0 Exception <a 'java/lang/NoSuchMethodError'{0x000000008f050898}: 'java.lang.Object java.lang.invoke.DirectMethodHandle$Holder.newInvokeSpecial(java.lang.Object, java.lang.Object, java.lang.Object, java.lang.Object, int, int, int, java.lang.Object)'> (0x000000008f050898) 
thrown [s\src\hotspot\share\interpreter\linkResolver.cpp, line 773]
Event: 291.629 Thread 0x000001b56106bad0 Exception <a 'java/lang/NoSuchMethodError'{0x00000000ff81aed0}: 'java.lang.Object java.lang.invoke.DirectMethodHandle$Holder.invokeStatic(java.lang.Object, int, java.lang.Object)'> (0x00000000ff81aed0) 
thrown [s\src\hotspot\share\interpreter\linkResolver.cpp, line 773]
Event: 292.594 Thread 0x000001b56106bad0 Exception <a 'sun/nio/fs/WindowsException'{0x00000000ff62cb78}> (0x00000000ff62cb78) 
thrown [s\src\hotspot\share\prims\jni.cpp, line 520]
Event: 292.604 Thread 0x000001b56106bad0 Exception <a 'sun/nio/fs/WindowsException'{0x00000000ff62ed00}> (0x00000000ff62ed00) 
thrown [s\src\hotspot\share\prims\jni.cpp, line 520]
Event: 292.810 Thread 0x000001b56106bad0 Exception <a 'sun/nio/fs/WindowsException'{0x00000000ff50cc90}> (0x00000000ff50cc90) 
thrown [s\src\hotspot\share\prims\jni.cpp, line 520]
Event: 292.837 Thread 0x000001b56106bad0 Exception <a 'sun/nio/fs/WindowsException'{0x00000000ff52c460}> (0x00000000ff52c460) 
thrown [s\src\hotspot\share\prims\jni.cpp, line 520]
Event: 292.866 Thread 0x000001b56106bad0 Exception <a 'sun/nio/fs/WindowsException'{0x00000000ff538f90}> (0x00000000ff538f90) 
thrown [s\src\hotspot\share\prims\jni.cpp, line 520]
Event: 292.883 Thread 0x000001b56106bad0 Exception <a 'sun/nio/fs/WindowsException'{0x00000000ff56bb18}> (0x00000000ff56bb18) 
thrown [s\src\hotspot\share\prims\jni.cpp, line 520]
Event: 292.902 Thread 0x000001b56106bad0 Exception <a 'sun/nio/fs/WindowsException'{0x00000000ff573568}> (0x00000000ff573568) 
thrown [s\src\hotspot\share\prims\jni.cpp, line 520]
Event: 293.563 Thread 0x000001b56106bad0 Exception <a 'sun/nio/fs/WindowsException'{0x00000000ff58f940}> (0x00000000ff58f940) 
thrown [s\src\hotspot\share\prims\jni.cpp, line 520]
Event: 294.834 Thread 0x000001b56106bad0 Exception <a 'java/lang/NoSuchMethodError'{0x00000000ff304b68}: 'java.lang.Object java.lang.invoke.DirectMethodHandle$Holder.invokeVirtual(java.lang.Object, java.lang.Object, java.lang.Object, java.lang.Object, java.lang.Object, java.lang.Object, java.lang.Object, java.lang.Object, java.lang.Object, java.lang.Object, java.lang.Object, java.lang.Object, java.lang.Object, java.lang.Object, java.lang.Object, java.lang.Object, java.lang.Object)'> (0x00000000ff304b68) 
thrown [s\src\hotspot\share\interpreter\li
Event: 294.845 Thread 0x000001b56106bad0 Exception <a 'java/lang/NoSuchMethodError'{0x00000000ff30b348}: 'java.lang.Object java.lang.invoke.DirectMethodHandle$Holder.invokeSpecial(java.lang.Object, java.lang.Object, java.lang.Object, java.lang.Object, java.lang.Object, java.lang.Object, java.lang.Object, java.lang.Object, java.lang.Object, java.lang.Object, java.lang.Object, java.lang.Object, java.lang.Object, java.lang.Object, java.lang.Object, java.lang.Object, java.lang.Object, java.lang.Object)'> (0x00000000ff30b348) 
thrown [s\src\hotspot\sh
Event: 294.846 Thread 0x000001b56106bad0 Exception <a 'java/lang/NoSuchMethodError'{0x00000000ff311078}: 'java.lang.Object java.lang.invoke.DelegatingMethodHandle$Holder.reinvoke_L(java.lang.Object, java.lang.Object, java.lang.Object, java.lang.Object, java.lang.Object, java.lang.Object, java.lang.Object, java.lang.Object, java.lang.Object, java.lang.Object, java.lang.Object, java.lang.Object, java.lang.Object, java.lang.Object, java.lang.Object, java.lang.Object, java.lang.Object)'> (0x00000000ff311078) 
thrown [s\src\hotspot\share\interpreter\l
Event: 296.799 Thread 0x000001b56106bad0 Exception <a 'java/lang/IncompatibleClassChangeError'{0x00000000915c5470}: Found class java.lang.Object, but interface was expected> (0x00000000915c5470) 
thrown [s\src\hotspot\share\interpreter\linkResolver.cpp, line 840]
Event: 297.457 Thread 0x000001b56106bad0 Exception <a 'java/lang/NoSuchMethodError'{0x0000000090cbc980}: 'java.lang.Object java.lang.invoke.DirectMethodHandle$Holder.newInvokeSpecial(java.lang.Object, java.lang.Object, java.lang.Object, java.lang.Object, java.lang.Object, java.lang.Object, java.lang.Object, java.lang.Object, java.lang.Object, java.lang.Object, java.lang.Object, java.lang.Object, java.lang.Object, java.lang.Object)'> (0x0000000090cbc980) 
thrown [s\src\hotspot\share\interpreter\linkResolver.cpp, line 773]

ZGC Phase Switch (0 events):
No events

VM Operations (20 events):
Event: 298.889 Executing safepoint VM operation: Cleanup done
Event: 299.898 Executing safepoint VM operation: Cleanup
Event: 299.898 Executing safepoint VM operation: Cleanup done
Event: 300.902 Executing safepoint VM operation: Cleanup
Event: 300.903 Executing safepoint VM operation: Cleanup done
Event: 301.108 Executing non-safepoint VM operation: HandshakeAllThreads (HandshakeForDeflation)
Event: 301.108 Executing non-safepoint VM operation: HandshakeAllThreads (HandshakeForDeflation) done
Event: 301.110 Executing non-safepoint VM operation: RendezvousGCThreads
Event: 301.111 Executing non-safepoint VM operation: RendezvousGCThreads done
Event: 302.116 Executing safepoint VM operation: Cleanup
Event: 302.116 Executing safepoint VM operation: Cleanup done
Event: 302.290 Executing safepoint VM operation: G1CollectForAllocation (G1 Evacuation Pause)
Event: 305.148 Executing safepoint VM operation: G1CollectForAllocation (G1 Evacuation Pause) done
Event: 306.153 Executing safepoint VM operation: Cleanup
Event: 306.153 Executing safepoint VM operation: Cleanup done
Event: 306.572 Executing safepoint VM operation: G1CollectForAllocation (G1 Evacuation Pause)
Event: 306.642 Executing safepoint VM operation: G1CollectForAllocation (G1 Evacuation Pause) done
Event: 307.648 Executing safepoint VM operation: Cleanup
Event: 307.648 Executing safepoint VM operation: Cleanup done
Event: 308.297 Executing safepoint VM operation: G1CollectForAllocation (G1 Evacuation Pause)

Memory protections (0 events):
No events

Nmethod flushes (20 events):
Event: 257.918 Thread 0x000001b51b7d3f10 flushing  nmethod 0x000001b508b2aa90
Event: 257.919 Thread 0x000001b51b7d3f10 flushing  nmethod 0x000001b508bc9310
Event: 257.919 Thread 0x000001b51b7d3f10 flushing  nmethod 0x000001b508c31390
Event: 257.919 Thread 0x000001b51b7d3f10 flushing  nmethod 0x000001b508d36910
Event: 257.919 Thread 0x000001b51b7d3f10 flushing  nmethod 0x000001b508e45a10
Event: 257.919 Thread 0x000001b51b7d3f10 flushing  nmethod 0x000001b508ed0590
Event: 257.919 Thread 0x000001b51b7d3f10 flushing  nmethod 0x000001b508f17910
Event: 257.919 Thread 0x000001b51b7d3f10 flushing  nmethod 0x000001b508f19610
Event: 257.919 Thread 0x000001b51b7d3f10 flushing  nmethod 0x000001b509009110
Event: 257.919 Thread 0x000001b51b7d3f10 flushing  nmethod 0x000001b50955f210
Event: 257.919 Thread 0x000001b51b7d3f10 flushing  nmethod 0x000001b509575690
Event: 257.919 Thread 0x000001b51b7d3f10 flushing  nmethod 0x000001b509575b10
Event: 257.919 Thread 0x000001b51b7d3f10 flushing  nmethod 0x000001b5095a9c10
Event: 257.919 Thread 0x000001b51b7d3f10 flushing  nmethod 0x000001b509674190
Event: 257.919 Thread 0x000001b51b7d3f10 flushing  nmethod 0x000001b5096c1d90
Event: 257.919 Thread 0x000001b51b7d3f10 flushing  nmethod 0x000001b5096fd710
Event: 257.919 Thread 0x000001b51b7d3f10 flushing  nmethod 0x000001b5096fe210
Event: 257.919 Thread 0x000001b51b7d3f10 flushing  nmethod 0x000001b509848890
Event: 257.919 Thread 0x000001b51b7d3f10 flushing  nmethod 0x000001b509867110
Event: 257.919 Thread 0x000001b51b7d3f10 flushing  nmethod 0x000001b509974810

Events (20 events):
Event: 59.426 Thread 0x000001b56106bad0 Thread added: 0x000001b562cb9b30
Event: 61.118 Thread 0x000001b56106bad0 Thread added: 0x000001b562cb8e10
Event: 61.145 Thread 0x000001b56106bad0 Thread added: 0x000001b562cbcfb0
Event: 61.997 Thread 0x000001b56106bad0 Thread added: 0x000001b562cba1c0
Event: 61.997 Thread 0x000001b56106bad0 Thread added: 0x000001b562cb7a60
Event: 61.998 Thread 0x000001b56106bad0 Thread added: 0x000001b562cb80f0
Event: 61.998 Thread 0x000001b56106bad0 Thread added: 0x000001b562cbbc00
Event: 72.858 Thread 0x000001b561b9d1e0 Thread added: 0x000001b562cb8780
Event: 73.824 Thread 0x000001b56106bad0 Thread added: 0x000001b562cb94a0
Event: 74.584 Thread 0x000001b56106bad0 Thread added: 0x000001b562cbc290
Event: 76.918 Thread 0x000001b56106bad0 Thread added: 0x000001b562cbc920
Event: 77.921 Thread 0x000001b56106bad0 Thread added: 0x000001b562cb66b0
Event: 92.675 Thread 0x000001b56106bad0 Thread added: 0x000001b562cba850
Event: 92.678 Thread 0x000001b56106bad0 Thread added: 0x000001b562cbaee0
Event: 93.163 Thread 0x000001b56106bad0 Thread added: 0x000001b562cbb570
Event: 93.165 Thread 0x000001b56106bad0 Thread added: 0x000001b562cbd640
Event: 149.593 Thread 0x000001b56106bad0 Thread added: 0x000001b51bc37860
Event: 149.596 Thread 0x000001b56106bad0 Thread added: 0x000001b51bc308d0
Event: 149.996 Thread 0x000001b51bc37860 Thread added: 0x000001b51bc37ef0
Event: 226.604 Thread 0x000001b56106bad0 Thread added: 0x000001b579024d20


Dynamic libraries:
0x00007ff6147a0000 - 0x00007ff6147ae000 	C:\Program Files\Eclipse Adoptium\jdk-21.0.12.8-hotspot\bin\java.exe
0x00007ffa77930000 - 0x00007ffa77b28000 	C:\Windows\SYSTEM32\ntdll.dll
0x00007ffa76350000 - 0x00007ffa76412000 	C:\Windows\System32\KERNEL32.DLL
0x00007ffa75500000 - 0x00007ffa757f6000 	C:\Windows\System32\KERNELBASE.dll
0x00007ffa75400000 - 0x00007ffa75500000 	C:\Windows\System32\ucrtbase.dll
0x00007ffa54da0000 - 0x00007ffa54dbe000 	C:\Program Files\Eclipse Adoptium\jdk-21.0.12.8-hotspot\bin\VCRUNTIME140.dll
0x00007ffa54dc0000 - 0x00007ffa54dd8000 	C:\Program Files\Eclipse Adoptium\jdk-21.0.12.8-hotspot\bin\jli.dll
0x00007ffa761a0000 - 0x00007ffa76341000 	C:\Windows\System32\USER32.dll
0x00007ffa75320000 - 0x00007ffa75342000 	C:\Windows\System32\win32u.dll
0x00007ffa764f0000 - 0x00007ffa7651b000 	C:\Windows\System32\GDI32.dll
0x00007ffa75120000 - 0x00007ffa75239000 	C:\Windows\System32\gdi32full.dll
0x00007ffa75800000 - 0x00007ffa7589d000 	C:\Windows\System32\msvcp_win.dll
0x00007ffa65450000 - 0x00007ffa656eb000 	C:\Windows\WinSxS\amd64_microsoft.windows.common-controls_6595b64144ccf1df_6.0.19041.6456_none_60b8a6cb71f64256\COMCTL32.dll
0x00007ffa75a80000 - 0x00007ffa75b1e000 	C:\Windows\System32\msvcrt.dll
0x00007ffa770e0000 - 0x00007ffa7710f000 	C:\Windows\System32\IMM32.DLL
0x00007ffa649d0000 - 0x00007ffa649dc000 	C:\Program Files\Eclipse Adoptium\jdk-21.0.12.8-hotspot\bin\vcruntime140_1.dll
0x00007ffa4fb30000 - 0x00007ffa4fbbd000 	C:\Program Files\Eclipse Adoptium\jdk-21.0.12.8-hotspot\bin\msvcp140.dll
0x00007ffa48ab0000 - 0x00007ffa49852000 	C:\Program Files\Eclipse Adoptium\jdk-21.0.12.8-hotspot\bin\server\jvm.dll
0x00007ffa76c10000 - 0x00007ffa76cc1000 	C:\Windows\System32\ADVAPI32.dll
0x00007ffa75950000 - 0x00007ffa759ef000 	C:\Windows\System32\sechost.dll
0x00007ffa768e0000 - 0x00007ffa76a00000 	C:\Windows\System32\RPCRT4.dll
0x00007ffa753d0000 - 0x00007ffa753f7000 	C:\Windows\System32\bcrypt.dll
0x00007ffa77880000 - 0x00007ffa778eb000 	C:\Windows\System32\WS2_32.dll
0x00007ffa74550000 - 0x00007ffa7459b000 	C:\Windows\SYSTEM32\POWRPROF.dll
0x00007ffa6ca80000 - 0x00007ffa6caa7000 	C:\Windows\SYSTEM32\WINMM.dll
0x00007ffa645d0000 - 0x00007ffa645da000 	C:\Windows\SYSTEM32\VERSION.dll
0x00007ffa743c0000 - 0x00007ffa743d2000 	C:\Windows\SYSTEM32\UMPDC.dll
0x00007ffa737d0000 - 0x00007ffa737e2000 	C:\Windows\SYSTEM32\kernel.appcore.dll
0x00007ffa54d90000 - 0x00007ffa54d9a000 	C:\Program Files\Eclipse Adoptium\jdk-21.0.12.8-hotspot\bin\jimage.dll
0x00007ffa5e370000 - 0x00007ffa5e571000 	C:\Windows\SYSTEM32\DBGHELP.DLL
0x00007ffa5e270000 - 0x00007ffa5e2a4000 	C:\Windows\SYSTEM32\dbgcore.DLL
0x00007ffa75290000 - 0x00007ffa75312000 	C:\Windows\System32\bcryptPrimitives.dll
0x00007ffa52c80000 - 0x00007ffa52c8f000 	C:\Program Files\Eclipse Adoptium\jdk-21.0.12.8-hotspot\bin\instrument.dll
0x00007ffa4fa00000 - 0x00007ffa4fa20000 	C:\Program Files\Eclipse Adoptium\jdk-21.0.12.8-hotspot\bin\java.dll
0x00007ffa77110000 - 0x00007ffa77880000 	C:\Windows\System32\SHELL32.dll
0x00007ffa72a80000 - 0x00007ffa73225000 	C:\Windows\SYSTEM32\windows.storage.dll
0x00007ffa76cd0000 - 0x00007ffa77024000 	C:\Windows\System32\combase.dll
0x00007ffa749f0000 - 0x00007ffa74a1b000 	C:\Windows\SYSTEM32\Wldp.dll
0x00007ffa76420000 - 0x00007ffa764ed000 	C:\Windows\System32\OLEAUT32.dll
0x00007ffa77030000 - 0x00007ffa770dd000 	C:\Windows\System32\SHCORE.dll
0x00007ffa75a10000 - 0x00007ffa75a6b000 	C:\Windows\System32\shlwapi.dll
0x00007ffa74ef0000 - 0x00007ffa74f14000 	C:\Windows\SYSTEM32\profapi.dll
0x00007ffa4a8e0000 - 0x00007ffa4a9b7000 	C:\Program Files\Eclipse Adoptium\jdk-21.0.12.8-hotspot\bin\jsvml.dll
0x00007ffa4f9e0000 - 0x00007ffa4f9f8000 	C:\Program Files\Eclipse Adoptium\jdk-21.0.12.8-hotspot\bin\zip.dll
0x00007ffa4f9d0000 - 0x00007ffa4f9e0000 	C:\Program Files\Eclipse Adoptium\jdk-21.0.12.8-hotspot\bin\net.dll
0x00007ffa6c630000 - 0x00007ffa6c73a000 	C:\Windows\SYSTEM32\WINHTTP.dll
0x00007ffa74750000 - 0x00007ffa747ba000 	C:\Windows\system32\mswsock.dll
0x00007ffa4f9b0000 - 0x00007ffa4f9c6000 	C:\Program Files\Eclipse Adoptium\jdk-21.0.12.8-hotspot\bin\nio.dll
0x00007ffa4f9a0000 - 0x00007ffa4f9b0000 	C:\Program Files\Eclipse Adoptium\jdk-21.0.12.8-hotspot\bin\verify.dll
0x00007ffa62140000 - 0x00007ffa62167000 	C:\Users\rajat\.gradle\native\660c5614fbf4a5f2a75b1949f50a0caf5cd603558e7d8a26e50b933a0cfb79d1\windows-amd64\native-platform.dll
0x00007ffa4fd90000 - 0x00007ffa4fe07000 	C:\Users\rajat\.gradle\native\0.2.8\x86_64-windows-gnu\gradle-fileevents.dll
0x00007ffa4a3b0000 - 0x00007ffa4a3ba000 	C:\Program Files\Eclipse Adoptium\jdk-21.0.12.8-hotspot\bin\management.dll
0x00007ffa4a3a0000 - 0x00007ffa4a3ac000 	C:\Program Files\Eclipse Adoptium\jdk-21.0.12.8-hotspot\bin\management_ext.dll
0x00007ffa768d0000 - 0x00007ffa768d8000 	C:\Windows\System32\PSAPI.DLL
0x00007ffa743e0000 - 0x00007ffa7441b000 	C:\Windows\SYSTEM32\IPHLPAPI.DLL
0x00007ffa76a00000 - 0x00007ffa76a08000 	C:\Windows\System32\NSI.dll
0x00007ffa4a390000 - 0x00007ffa4a399000 	C:\Program Files\Eclipse Adoptium\jdk-21.0.12.8-hotspot\bin\extnet.dll
0x00007ffa74950000 - 0x00007ffa74968000 	C:\Windows\SYSTEM32\CRYPTSP.dll
0x00007ffa74000000 - 0x00007ffa74038000 	C:\Windows\system32\rsaenh.dll
0x00007ffa74e70000 - 0x00007ffa74e9e000 	C:\Windows\SYSTEM32\USERENV.dll
0x00007ffa74940000 - 0x00007ffa7494c000 	C:\Windows\SYSTEM32\CRYPTBASE.dll
0x00007ffa48920000 - 0x00007ffa4892e000 	C:\Program Files\Eclipse Adoptium\jdk-21.0.12.8-hotspot\bin\sunmscapi.dll
0x00007ffa74fc0000 - 0x00007ffa7511d000 	C:\Windows\System32\CRYPT32.dll
0x00007ffa74a60000 - 0x00007ffa74a87000 	C:\Windows\SYSTEM32\ncrypt.dll
0x00007ffa74a20000 - 0x00007ffa74a5b000 	C:\Windows\SYSTEM32\NTASN1.dll
0x00007ffa55570000 - 0x00007ffa55577000 	C:\Windows\system32\wshunix.dll

JVMTI agents:
C:\Users\rajat\.gradle\wrapper\dists\gradle-9.5.0-bin\bvnork1r7n8i6kp5cnkibsc9q\gradle-9.5.0\lib\agents\gradle-instrumentation-agent-9.5.0.jar path:C:\Program Files\Eclipse Adoptium\jdk-21.0.12.8-hotspot\bin\instrument.dll, loaded, initialized, instrumentlib options:none

dbghelp: loaded successfully - version: 4.0.5 - missing functions: none
symbol engine: initialized successfully - sym options: 0x614 - pdb path: .;C:\Program Files\Eclipse Adoptium\jdk-21.0.12.8-hotspot\bin;C:\Windows\SYSTEM32;C:\Windows\WinSxS\amd64_microsoft.windows.common-controls_6595b64144ccf1df_6.0.19041.6456_none_60b8a6cb71f64256;C:\Program Files\Eclipse Adoptium\jdk-21.0.12.8-hotspot\bin\server;C:\Users\rajat\.gradle\native\660c5614fbf4a5f2a75b1949f50a0caf5cd603558e7d8a26e50b933a0cfb79d1\windows-amd64;C:\Users\rajat\.gradle\native\0.2.8\x86_64-windows-gnu

VM Arguments:
jvm_args: --add-opens=java.base/java.lang=ALL-UNNAMED --add-opens=java.base/java.lang.invoke=ALL-UNNAMED --add-opens=java.base/java.util=ALL-UNNAMED --add-opens=java.prefs/java.util.prefs=ALL-UNNAMED --add-exports=jdk.compiler/com.sun.tools.javac.api=ALL-UNNAMED --add-exports=jdk.compiler/com.sun.tools.javac.util=ALL-UNNAMED --add-opens=java.base/java.nio.charset=ALL-UNNAMED --add-opens=java.base/java.net=ALL-UNNAMED --add-opens=java.base/java.util.concurrent=ALL-UNNAMED --add-opens=java.base/java.util.concurrent.atomic=ALL-UNNAMED --add-opens=java.xml/javax.xml.namespace=ALL-UNNAMED --add-opens=java.base/java.time=ALL-UNNAMED -Xmx2048m -Dfile.encoding=UTF-8 -Duser.country=IN -Duser.language=en -Duser.variant -javaagent:C:\Users\rajat\.gradle\wrapper\dists\gradle-9.5.0-bin\bvnork1r7n8i6kp5cnkibsc9q\gradle-9.5.0\lib\agents\gradle-instrumentation-agent-9.5.0.jar 
java_command: org.gradle.launcher.daemon.bootstrap.GradleDaemon 9.5.0
java_class_path (initial): C:\Users\rajat\.gradle\wrapper\dists\gradle-9.5.0-bin\bvnork1r7n8i6kp5cnkibsc9q\gradle-9.5.0\lib\gradle-daemon-main-9.5.0.jar
Launcher Type: SUN_STANDARD

[Global flags]
     intx CICompilerCount                          = 3                                         {product} {ergonomic}
     uint ConcGCThreads                            = 1                                         {product} {ergonomic}
     uint G1ConcRefinementThreads                  = 4                                         {product} {ergonomic}
   size_t G1HeapRegionSize                         = 1048576                                   {product} {ergonomic}
    uintx GCDrainStackTargetSize                   = 64                                        {product} {ergonomic}
   size_t InitialHeapSize                          = 65011712                                  {product} {ergonomic}
   size_t MarkStackSize                            = 4194304                                   {product} {ergonomic}
   size_t MaxHeapSize                              = 2147483648                                {product} {command line}
   size_t MaxNewSize                               = 1287651328                                {product} {ergonomic}
   size_t MinHeapDeltaBytes                        = 1048576                                   {product} {ergonomic}
   size_t MinHeapSize                              = 8388608                                   {product} {ergonomic}
    uintx NonNMethodCodeHeapSize                   = 5832780                                {pd product} {ergonomic}
    uintx NonProfiledCodeHeapSize                  = 122912730                              {pd product} {ergonomic}
    uintx ProfiledCodeHeapSize                     = 122912730                              {pd product} {ergonomic}
    uintx ReservedCodeCacheSize                    = 251658240                              {pd product} {ergonomic}
     bool SegmentedCodeCache                       = true                                      {product} {ergonomic}
   size_t SoftMaxHeapSize                          = 2147483648                             {manageable} {ergonomic}
     bool UseCompressedOops                        = true                           {product lp64_product} {ergonomic}
     bool UseG1GC                                  = true                                      {product} {ergonomic}
     bool UseLargePagesIndividualAllocation        = false                                  {pd product} {ergonomic}

Logging:
Log output configuration:
 #0: stdout all=warning uptime,level,tags foldmultilines=false
 #1: stderr all=off uptime,level,tags foldmultilines=false

Release file:
IMPLEMENTOR="Eclipse Adoptium" 
IMPLEMENTOR_VERSION="Temurin-21.0.12+8" 
JAVA_RUNTIME_VERSION="21.0.12+8-LTS" 
JAVA_VERSION="21.0.12" 
JAVA_VERSION_DATE="2026-07-21" 
LIBC="default" 
MODULES="java.base java.compiler java.datatransfer java.xml java.prefs java.desktop java.instrument java.logging java.management java.security.sasl java.naming java.rmi java.management.rmi java.net.http java.scripting java.security.jgss java.transaction.xa java.sql java.sql.rowset java.xml.crypto java.se java.smartcardio jdk.accessibility jdk.internal.jvmstat jdk.attach jdk.charsets jdk.internal.opt jdk.zipfs jdk.compiler jdk.crypto.ec jdk.crypto.cryptoki jdk.crypto.mscapi jdk.dynalink jdk.internal.ed jdk.editpad jdk.hotspot.agent jdk.httpserver jdk.incubator.vector jdk.internal.le jdk.internal.vm.ci jdk.internal.vm.compiler jdk.internal.vm.compiler.management jdk.jartool jdk.javadoc jdk.jcmd jdk.management jdk.management.agent jdk.jconsole jdk.jdeps jdk.jdwp.agent jdk.jdi jdk.jfr jdk.jlink jdk.jpackage jdk.jshell jdk.jsobject jdk.jstatd jdk.localedata jdk.management.jfr jdk.naming.dns jdk.naming.rmi jdk.net jdk.nio.mapmode jdk.random jdk.sctp jdk.security.auth jdk.security.jgss jdk.unsupported jdk.unsupported.desktop jdk.xml.dom" 
OS_ARCH="x86_64" 
OS_NAME="Windows" 
SOURCE=".:git:04806bcb1d50" 
BUILD_SOURCE="git:e6ba7dec3d07654074559310376a3ae89da5f4ac"
BUILD_SOURCE_REPO="https://github.com/adoptium/temurin-build.git"
SOURCE_REPO="https://github.com/adoptium/jdk21u.git"
FULL_VERSION="21.0.12+8-LTS"
SEMANTIC_VERSION="21.0.12+8"
BUILD_INFO="OS: Windows Server 2022 Version: 10.0"
JVM_VARIANT="Hotspot"
JVM_VERSION="21.0.12+8-LTS"
IMAGE_TYPE="JDK"

Environment Variables:
JAVA_HOME=C:\Program Files\Eclipse Adoptium\jdk-21.0.12.8-hotspot
PATH=C:\Windows\system32;C:\Windows;C:\Windows\System32\Wbem;C:\Windows\System32\WindowsPowerShell\v1.0\;C:\Windows\System32\OpenSSH\;C:\Program Files\nodejs\;C:\Program Files\Git\cmd;C:\Program Files\Eclipse Adoptium\jdk-21.0.12.8-hotspot\bin;C:\Users\rajat\AppData\Local\Microsoft\WindowsApps;C:\Users\rajat\AppData\Roaming\npm;C:\Users\rajat\AppData\Local\Python\bin;C:\Users\rajat\AppData\Local\Programs\Zed\bin;C:\Users\rajat\AppData\Local\GitHubDesktop\bin;C:\Users\rajat\AppData\AndroidCLI;C:\Users\rajat\AppData\Local\Microsoft\WinGet\Packages\Google.AndroidCLI_Microsoft.Winget.Source_8wekyb3d8bbwe;
USERNAME=rajat
OS=Windows_NT
PROCESSOR_IDENTIFIER=Intel64 Family 6 Model 58 Stepping 9, GenuineIntel
TMP=C:\Users\rajat\AppData\Local\Temp
TEMP=C:\Users\rajat\AppData\Local\Temp




Periodic native trim disabled

---------------  S Y S T E M  ---------------

OS:
 Windows 10 , 64 bit Build 19041 (10.0.19041.5915)
OS uptime: 0 days 2:47 hours

CPU: total 4 (initial active 4) (2 cores per cpu, 2 threads per core) family 6 model 58 stepping 9 microcode 0x21, cx8, cmov, fxsr, ht, mmx, sse, sse2, sse3, ssse3, sse4.1, sse4.2, popcnt, tsc, tscinvbit, avx, aes, erms, clmul, vzeroupper, clflush, rdtscp, f16c
Processor Information for the first 4 processors :
  Max Mhz: 2401, Current Mhz: 2401, Mhz Limit: 2401

Memory: 4k page, system-wide physical 3960M (51M free)
TotalPageFile size 16200M (AvailPageFile size 174M)
current process WorkingSet (physical memory assigned to process): 355M, peak: 403M
current process commit charge ("private bytes"): 719M, peak: 1026M

vm_info: OpenJDK 64-Bit Server VM (21.0.12+8-LTS) for windows-amd64 JRE (21.0.12+8-LTS), built on 2026-07-21T00:00:00Z by "admin" with MS VC++ 17.12 (VS2022)

END.
